node_modules/@types/node/http.d.ts(234,47): error TS1005: ',' expected.
node_modules/@types/node/http.d.ts(234,71): error TS1109: Expression expected.
node_modules/@types/node/http.d.ts(234,117): error TS1109: Expression expected.
node_modules/@types/node/http.d.ts(235,5): error TS1109: Expression expected.
node_modules/@types/node/http.d.ts(239,46): error TS1005: ',' expected.
node_modules/@types/node/http.d.ts(243,46): error TS1005: ',' expected.
node_modules/@types/node/http.d.ts(250,44): error TS1005: ',' expected.
node_modules/@types/node/http.d.ts(256,39): error TS1005: ',' expected.
node_modules/@types/node/http.d.ts(264,46): error TS1005: ',' expected.
node_modules/@types/node/http.d.ts(269,57): error TS1005: ',' expected.
node_modules/@types/node/http.d.ts(276,43): error TS1005: ',' expected.
node_modules/@types/node/http.d.ts(283,49): error TS1005: ',' expected.
node_modules/@types/node/http.d.ts(290,43): error TS1005: ',' expected.
node_modules/@types/node/http.d.ts(296,38): error TS1005: ',' expected.
node_modules/@types/node/http.d.ts(303,40): error TS1005: ',' expected.
node_modules/@types/node/http.d.ts(309,51): error TS1005: ',' expected.
node_modules/@types/node/http.d.ts(314,50): error TS1005: '(' expected.
node_modules/@types/node/http.d.ts(314,61): error TS1005: ')' expected.
node_modules/@types/node/http.d.ts(318,47): error TS1005: ',' expected.
node_modules/@types/node/http.d.ts(318,60): error TS1005: ',' expected.
node_modules/@types/node/http.d.ts(318,69): error TS1005: '(' expected.
node_modules/@types/node/http.d.ts(318,71): error TS1109: Expression expected.
node_modules/@types/node/http.d.ts(318,117): error TS1109: Expression expected.
node_modules/@types/node/http.d.ts(319,5): error TS1109: Expression expected.
node_modules/@types/node/http.d.ts(319,7): error TS1109: Expression expected.
node_modules/@types/node/http.d.ts(319,107): error TS1109: Expression expected.
node_modules/@types/node/http.d.ts(325,47): error TS1005: ',' expected.
node_modules/@types/node/http.d.ts(325,71): error TS1109: Expression expected.
node_modules/@types/node/http.d.ts(325,117): error TS1109: Expression expected.
node_modules/@types/node/http.d.ts(326,5): error TS1109: Expression expected.
node_modules/@types/node/http.d.ts(326,7): error TS1109: Expression expected.
node_modules/@types/node/http.d.ts(326,15): error TS1434: Unexpected keyword or identifier.
node_modules/@types/node/http.d.ts(327,37): error TS1109: Expression expected.
node_modules/@types/node/http.d.ts(327,73): error TS1005: '(' expected.
node_modules/@types/node/http.d.ts(327,74): error TS1005: ')' expected.
node_modules/@types/node/http.d.ts(328,28): error TS1005: ',' expected.
node_modules/@types/node/http.d.ts(328,62): error TS1109: Expression expected.
node_modules/@types/node/http.d.ts(328,80): error TS1109: Expression expected.
node_modules/@types/node/http.d.ts(328,116): error TS1005: '(' expected.
node_modules/@types/node/http.d.ts(328,117): error TS1005: ')' expected.
node_modules/@types/node/http.d.ts(343,26): error TS1109: Expression expected.
node_modules/@types/node/http.d.ts(343,45): error TS1109: Expression expected.
node_modules/@types/node/http.d.ts(343,57): error TS1109: Expression expected.
node_modules/@types/node/http.d.ts(343,58): error TS1005: ';' expected.
node_modules/@types/node/http.d.ts(344,28): error TS1005: ',' expected.
node_modules/@types/node/http.d.ts(344,40): error TS1109: Expression expected.
node_modules/@types/node/http.d.ts(344,41): error TS1005: ';' expected.
node_modules/@types/node/http.d.ts(419,30): error TS1005: ';' expected.
node_modules/@types/node/http.d.ts(419,36): error TS1109: Expression expected.
node_modules/@types/node/http.d.ts(425,31): error TS1005: ';' expected.
node_modules/@types/node/http.d.ts(425,37): error TS1109: Expression expected.
node_modules/@types/node/http.d.ts(426,26): error TS1005: ',' expected.
node_modules/@types/node/http.d.ts(426,44): error TS1005: ',' expected.
node_modules/@types/node/http.d.ts(426,70): error TS1109: Expression expected.
node_modules/@types/node/http.d.ts(426,71): error TS1005: ';' expected.
node_modules/@types/node/http.d.ts(427,26): error TS1005: ',' expected.
node_modules/@types/node/http.d.ts(427,45): error TS1005: ',' expected.
node_modules/@types/node/http.d.ts(427,57): error TS1109: Expression expected.
node_modules/@types/node/http.d.ts(427,58): error TS1005: ';' expected.
node_modules/@types/node/http.d.ts(428,26): error TS1005: ',' expected.
node_modules/@types/node/http.d.ts(428,50): error TS1005: ',' expected.
node_modules/@types/node/http.d.ts(428,76): error TS1109: Expression expected.
node_modules/@types/node/http.d.ts(428,77): error TS1005: ';' expected.
node_modules/@types/node/http.d.ts(429,26): error TS1005: ',' expected.
node_modules/@types/node/http.d.ts(429,45): error TS1005: ',' expected.
node_modules/@types/node/http.d.ts(429,67): error TS1109: Expression expected.
node_modules/@types/node/http.d.ts(429,68): error TS1005: ';' expected.
node_modules/@types/node/http.d.ts(430,26): error TS1005: ',' expected.
node_modules/@types/node/http.d.ts(430,49): error TS1005: ',' expected.
node_modules/@types/node/http.d.ts(430,61): error TS1109: Expression expected.
node_modules/@types/node/http.d.ts(430,62): error TS1005: ';' expected.
node_modules/@types/node/http.d.ts(431,26): error TS1005: ',' expected.
node_modules/@types/node/http.d.ts(431,53): error TS1005: ',' expected.
node_modules/@types/node/http.d.ts(431,89): error TS1005: '(' expected.
node_modules/@types/node/http.d.ts(431,90): error TS1005: ',' expected.
node_modules/@types/node/http.d.ts(431,96): error TS1005: ')' expected.
node_modules/@types/node/http.d.ts(432,26): error TS1005: ',' expected.
node_modules/@types/node/http.d.ts(432,56): error TS1005: ',' expected.
node_modules/@types/node/http.d.ts(432,92): error TS1005: '(' expected.
node_modules/@types/node/http.d.ts(432,93): error TS1005: ',' expected.
node_modules/@types/node/http.d.ts(432,99): error TS1005: ')' expected.
node_modules/@types/node/http.d.ts(433,26): error TS1005: ',' expected.
node_modules/@types/node/http.d.ts(433,51): error TS1005: ',' expected.
node_modules/@types/node/http.d.ts(433,96): error TS1109: Expression expected.
node_modules/@types/node/http.d.ts(433,97): error TS1005: ';' expected.
node_modules/@types/node/http.d.ts(435,18): error TS1005: ',' expected.
node_modules/@types/node/http.d.ts(436,21): error TS1005: ',' expected.
node_modules/@types/node/http.d.ts(436,96): error TS1109: Expression expected.
node_modules/@types/node/http.d.ts(437,10): error TS1005: ';' expected.
node_modules/@types/node/http.d.ts(438,26): error TS1005: ',' expected.
node_modules/@types/node/http.d.ts(438,51): error TS1005: ',' expected.
node_modules/@types/node/http.d.ts(438,112): error TS1109: Expression expected.
node_modules/@types/node/http.d.ts(438,113): error TS1005: ';' expected.
node_modules/@types/node/http.d.ts(439,26): error TS1005: ',' expected.
node_modules/@types/node/http.d.ts(439,47): error TS1005: ',' expected.
node_modules/@types/node/http.d.ts(439,83): error TS1005: '(' expected.
node_modules/@types/node/http.d.ts(439,84): error TS1005: ',' expected.
node_modules/@types/node/http.d.ts(439,90): error TS1005: ')' expected.
node_modules/@types/node/http.d.ts(441,18): error TS1005: ',' expected.
node_modules/@types/node/http.d.ts(442,21): error TS1005: ',' expected.
node_modules/@types/node/http.d.ts(442,96): error TS1109: Expression expected.
node_modules/@types/node/http.d.ts(443,10): error TS1005: ';' expected.
node_modules/@types/node/http.d.ts(444,19): error TS1005: ',' expected.
node_modules/@types/node/http.d.ts(444,36): error TS1005: ',' expected.
node_modules/@types/node/http.d.ts(444,42): error TS1011: An element access expression should take an argument.
node_modules/@types/node/http.d.ts(444,44): error TS1005: ';' expected.
node_modules/@types/node/http.d.ts(445,19): error TS1005: ',' expected.
node_modules/@types/node/http.d.ts(445,29): error TS1005: ';' expected.
node_modules/@types/node/http.d.ts(446,19): error TS1005: ',' expected.
node_modules/@types/node/http.d.ts(446,41): error TS1005: ',' expected.
node_modules/@types/node/http.d.ts(446,50): error TS1005: ';' expected.
node_modules/@types/node/http.d.ts(447,19): error TS1005: ',' expected.
node_modules/@types/node/http.d.ts(447,33): error TS1005: ',' expected.
node_modules/@types/node/http.d.ts(447,41): error TS1005: ';' expected.
node_modules/@types/node/http.d.ts(448,19): error TS1005: ',' expected.
node_modules/@types/node/http.d.ts(448,33): error TS1005: ';' expected.
node_modules/@types/node/http.d.ts(450,18): error TS1005: ',' expected.
node_modules/@types/node/http.d.ts(451,16): error TS1005: ',' expected.
node_modules/@types/node/http.d.ts(451,39): error TS1109: Expression expected.
node_modules/@types/node/http.d.ts(452,16): error TS1005: ',' expected.
node_modules/@types/node/http.d.ts(452,41): error TS1005: '(' expected.
node_modules/@types/node/http.d.ts(452,72): error TS1005: '(' expected.
node_modules/@types/node/http.d.ts(453,10): error TS1005: ',' expected.
node_modules/@types/node/http.d.ts(453,19): error TS1005: ')' expected.
node_modules/@types/node/http.d.ts(455,18): error TS1005: ',' expected.
node_modules/@types/node/http.d.ts(456,16): error TS1005: ',' expected.
node_modules/@types/node/http.d.ts(456,39): error TS1109: Expression expected.
node_modules/@types/node/http.d.ts(457,16): error TS1005: ',' expected.
node_modules/@types/node/http.d.ts(457,41): error TS1005: '(' expected.
node_modules/@types/node/http.d.ts(457,72): error TS1005: '(' expected.
node_modules/@types/node/http.d.ts(458,10): error TS1005: ',' expected.
node_modules/@types/node/http.d.ts(458,19): error TS1005: ')' expected.
node_modules/@types/node/http.d.ts(459,19): error TS1005: ',' expected.
node_modules/@types/node/http.d.ts(459,39): error TS1005: ',' expected.
node_modules/@types/node/http.d.ts(459,54): error TS1005: ',' expected.
node_modules/@types/node/http.d.ts(459,70): error TS1005: ';' expected.
node_modules/@types/node/http.d.ts(460,19): error TS1005: ',' expected.
node_modules/@types/node/http.d.ts(460,35): error TS1005: ',' expected.
node_modules/@types/node/http.d.ts(460,58): error TS1109: Expression expected.
node_modules/@types/node/http.d.ts(460,66): error TS1005: ',' expected.
node_modules/@types/node/http.d.ts(460,87): error TS1005: ',' expected.
node_modules/@types/node/http.d.ts(460,96): error TS1005: ';' expected.
node_modules/@types/node/http.d.ts(461,19): error TS1005: ',' expected.
node_modules/@types/node/http.d.ts(461,39): error TS1005: ',' expected.
node_modules/@types/node/http.d.ts(461,62): error TS1109: Expression expected.
node_modules/@types/node/http.d.ts(461,70): error TS1005: ',' expected.
node_modules/@types/node/http.d.ts(461,86): error TS1005: ';' expected.
node_modules/@types/node/http.d.ts(463,18): error TS1005: ',' expected.
node_modules/@types/node/http.d.ts(464,16): error TS1005: ',' expected.
node_modules/@types/node/http.d.ts(464,39): error TS1109: Expression expected.
node_modules/@types/node/http.d.ts(465,16): error TS1005: ',' expected.
node_modules/@types/node/http.d.ts(465,41): error TS1005: '(' expected.
node_modules/@types/node/http.d.ts(465,72): error TS1005: '(' expected.
node_modules/@types/node/http.d.ts(466,10): error TS1005: ',' expected.
node_modules/@types/node/http.d.ts(466,19): error TS1005: ')' expected.
node_modules/@types/node/http.d.ts(467,19): error TS1005: ',' expected.
node_modules/@types/node/http.d.ts(467,35): error TS1005: ',' expected.
node_modules/@types/node/http.d.ts(467,58): error TS1109: Expression expected.
node_modules/@types/node/http.d.ts(467,66): error TS1005: ',' expected.
node_modules/@types/node/http.d.ts(467,87): error TS1005: ',' expected.
node_modules/@types/node/http.d.ts(467,96): error TS1005: ';' expected.
node_modules/@types/node/http.d.ts(468,17): error TS1005: ',' expected.
node_modules/@types/node/http.d.ts(468,35): error TS1005: ',' expected.
node_modules/@types/node/http.d.ts(468,61): error TS1109: Expression expected.
node_modules/@types/node/http.d.ts(468,62): error TS1005: ';' expected.
node_modules/@types/node/http.d.ts(469,17): error TS1005: ',' expected.
node_modules/@types/node/http.d.ts(469,36): error TS1005: ',' expected.
node_modules/@types/node/http.d.ts(469,48): error TS1109: Expression expected.
node_modules/@types/node/http.d.ts(469,49): error TS1005: ';' expected.
node_modules/@types/node/http.d.ts(470,17): error TS1005: ',' expected.
node_modules/@types/node/http.d.ts(470,41): error TS1005: ',' expected.
node_modules/@types/node/http.d.ts(470,67): error TS1109: Expression expected.
node_modules/@types/node/http.d.ts(470,68): error TS1005: ';' expected.
node_modules/@types/node/http.d.ts(471,17): error TS1005: ',' expected.
node_modules/@types/node/http.d.ts(471,36): error TS1005: ',' expected.
node_modules/@types/node/http.d.ts(471,58): error TS1109: Expression expected.
node_modules/@types/node/http.d.ts(471,59): error TS1005: ';' expected.
node_modules/@types/node/http.d.ts(472,17): error TS1005: ',' expected.
node_modules/@types/node/http.d.ts(472,40): error TS1005: ',' expected.
node_modules/@types/node/http.d.ts(472,52): error TS1109: Expression expected.
node_modules/@types/node/http.d.ts(472,53): error TS1005: ';' expected.
node_modules/@types/node/http.d.ts(473,17): error TS1005: ',' expected.
node_modules/@types/node/http.d.ts(473,44): error TS1005: ',' expected.
node_modules/@types/node/http.d.ts(473,80): error TS1005: '(' expected.
node_modules/@types/node/http.d.ts(473,81): error TS1005: ',' expected.
node_modules/@types/node/http.d.ts(473,87): error TS1005: ')' expected.
node_modules/@types/node/http.d.ts(474,17): error TS1005: ',' expected.
node_modules/@types/node/http.d.ts(474,47): error TS1005: ',' expected.
node_modules/@types/node/http.d.ts(474,83): error TS1005: '(' expected.
node_modules/@types/node/http.d.ts(474,84): error TS1005: ',' expected.
node_modules/@types/node/http.d.ts(474,90): error TS1005: ')' expected.
node_modules/@types/node/http.d.ts(475,17): error TS1005: ',' expected.
node_modules/@types/node/http.d.ts(475,42): error TS1005: ',' expected.
node_modules/@types/node/http.d.ts(475,87): error TS1109: Expression expected.
node_modules/@types/node/http.d.ts(475,88): error TS1005: ';' expected.
node_modules/@types/node/http.d.ts(476,17): error TS1005: ',' expected.
node_modules/@types/node/http.d.ts(476,38): error TS1005: ',' expected.
node_modules/@types/node/http.d.ts(476,113): error TS1109: Expression expected.
node_modules/@types/node/http.d.ts(476,114): error TS1005: ';' expected.
node_modules/@types/node/http.d.ts(477,17): error TS1005: ',' expected.
node_modules/@types/node/http.d.ts(477,42): error TS1005: ',' expected.
node_modules/@types/node/http.d.ts(477,103): error TS1109: Expression expected.
node_modules/@types/node/http.d.ts(477,104): error TS1005: ';' expected.
node_modules/@types/node/http.d.ts(478,17): error TS1005: ',' expected.
node_modules/@types/node/http.d.ts(478,38): error TS1005: ',' expected.
node_modules/@types/node/http.d.ts(478,74): error TS1005: '(' expected.
node_modules/@types/node/http.d.ts(478,75): error TS1005: ',' expected.
node_modules/@types/node/http.d.ts(478,81): error TS1005: ')' expected.
node_modules/@types/node/http.d.ts(479,17): error TS1005: ',' expected.
node_modules/@types/node/http.d.ts(479,38): error TS1005: ',' expected.
node_modules/@types/node/http.d.ts(479,113): error TS1109: Expression expected.
node_modules/@types/node/http.d.ts(479,114): error TS1005: ';' expected.
node_modules/@types/node/http.d.ts(480,19): error TS1005: ',' expected.
node_modules/@types/node/http.d.ts(480,37): error TS1005: ',' expected.
node_modules/@types/node/http.d.ts(480,63): error TS1109: Expression expected.
node_modules/@types/node/http.d.ts(480,64): error TS1005: ';' expected.
node_modules/@types/node/http.d.ts(481,19): error TS1005: ',' expected.
node_modules/@types/node/http.d.ts(481,38): error TS1005: ',' expected.
node_modules/@types/node/http.d.ts(481,50): error TS1109: Expression expected.
node_modules/@types/node/http.d.ts(481,51): error TS1005: ';' expected.
node_modules/@types/node/http.d.ts(482,19): error TS1005: ',' expected.
node_modules/@types/node/http.d.ts(482,43): error TS1005: ',' expected.
node_modules/@types/node/http.d.ts(482,69): error TS1109: Expression expected.
node_modules/@types/node/http.d.ts(482,70): error TS1005: ';' expected.
node_modules/@types/node/http.d.ts(483,19): error TS1005: ',' expected.
node_modules/@types/node/http.d.ts(483,38): error TS1005: ',' expected.
node_modules/@types/node/http.d.ts(483,60): error TS1109: Expression expected.
node_modules/@types/node/http.d.ts(483,61): error TS1005: ';' expected.
node_modules/@types/node/http.d.ts(484,19): error TS1005: ',' expected.
node_modules/@types/node/http.d.ts(484,42): error TS1005: ',' expected.
node_modules/@types/node/http.d.ts(484,54): error TS1109: Expression expected.
node_modules/@types/node/http.d.ts(484,55): error TS1005: ';' expected.
node_modules/@types/node/http.d.ts(485,19): error TS1005: ',' expected.
node_modules/@types/node/http.d.ts(485,46): error TS1005: ',' expected.
node_modules/@types/node/http.d.ts(485,82): error TS1005: '(' expected.
node_modules/@types/node/http.d.ts(485,83): error TS1005: ',' expected.
node_modules/@types/node/http.d.ts(485,89): error TS1005: ')' expected.
node_modules/@types/node/http.d.ts(486,19): error TS1005: ',' expected.
node_modules/@types/node/http.d.ts(486,49): error TS1005: ',' expected.
node_modules/@types/node/http.d.ts(486,85): error TS1005: '(' expected.
node_modules/@types/node/http.d.ts(486,86): error TS1005: ',' expected.
node_modules/@types/node/http.d.ts(486,92): error TS1005: ')' expected.
node_modules/@types/node/http.d.ts(487,19): error TS1005: ',' expected.
node_modules/@types/node/http.d.ts(487,44): error TS1005: ',' expected.
node_modules/@types/node/http.d.ts(487,89): error TS1109: Expression expected.
node_modules/@types/node/http.d.ts(487,90): error TS1005: ';' expected.
node_modules/@types/node/http.d.ts(489,18): error TS1005: ',' expected.
node_modules/@types/node/http.d.ts(490,21): error TS1005: ',' expected.
node_modules/@types/node/http.d.ts(490,96): error TS1109: Expression expected.
node_modules/@types/node/http.d.ts(491,10): error TS1005: ';' expected.
node_modules/@types/node/http.d.ts(492,19): error TS1005: ',' expected.
node_modules/@types/node/http.d.ts(492,44): error TS1005: ',' expected.
node_modules/@types/node/http.d.ts(492,105): error TS1109: Expression expected.
node_modules/@types/node/http.d.ts(492,106): error TS1005: ';' expected.
node_modules/@types/node/http.d.ts(493,19): error TS1005: ',' expected.
node_modules/@types/node/http.d.ts(493,40): error TS1005: ',' expected.
node_modules/@types/node/http.d.ts(493,76): error TS1005: '(' expected.
node_modules/@types/node/http.d.ts(493,77): error TS1005: ',' expected.
node_modules/@types/node/http.d.ts(493,83): error TS1005: ')' expected.
node_modules/@types/node/http.d.ts(495,18): error TS1005: ',' expected.
node_modules/@types/node/http.d.ts(496,21): error TS1005: ',' expected.
node_modules/@types/node/http.d.ts(496,96): error TS1109: Expression expected.
node_modules/@types/node/http.d.ts(497,10): error TS1005: ';' expected.
node_modules/@types/node/http.d.ts(498,30): error TS1005: ',' expected.
node_modules/@types/node/http.d.ts(498,48): error TS1005: ',' expected.
node_modules/@types/node/http.d.ts(498,74): error TS1109: Expression expected.
node_modules/@types/node/http.d.ts(498,75): error TS1005: ';' expected.
node_modules/@types/node/http.d.ts(499,30): error TS1005: ',' expected.
node_modules/@types/node/http.d.ts(499,49): error TS1005: ',' expected.
node_modules/@types/node/http.d.ts(499,61): error TS1109: Expression expected.
node_modules/@types/node/http.d.ts(499,62): error TS1005: ';' expected.
node_modules/@types/node/http.d.ts(500,30): error TS1005: ',' expected.
node_modules/@types/node/http.d.ts(500,54): error TS1005: ',' expected.
node_modules/@types/node/http.d.ts(500,80): error TS1109: Expression expected.
node_modules/@types/node/http.d.ts(500,81): error TS1005: ';' expected.
node_modules/@types/node/http.d.ts(501,30): error TS1005: ',' expected.
node_modules/@types/node/http.d.ts(501,49): error TS1005: ',' expected.
node_modules/@types/node/http.d.ts(501,71): error TS1109: Expression expected.
node_modules/@types/node/http.d.ts(501,72): error TS1005: ';' expected.
node_modules/@types/node/http.d.ts(502,30): error TS1005: ',' expected.
node_modules/@types/node/http.d.ts(502,53): error TS1005: ',' expected.
node_modules/@types/node/http.d.ts(502,65): error TS1109: Expression expected.
node_modules/@types/node/http.d.ts(502,66): error TS1005: ';' expected.
node_modules/@types/node/http.d.ts(503,30): error TS1005: ',' expected.
node_modules/@types/node/http.d.ts(503,57): error TS1005: ',' expected.
node_modules/@types/node/http.d.ts(503,93): error TS1005: '(' expected.
node_modules/@types/node/http.d.ts(503,94): error TS1005: ',' expected.
node_modules/@types/node/http.d.ts(503,100): error TS1005: ')' expected.
node_modules/@types/node/http.d.ts(504,30): error TS1005: ',' expected.
node_modules/@types/node/http.d.ts(504,60): error TS1005: ',' expected.
node_modules/@types/node/http.d.ts(504,96): error TS1005: '(' expected.
node_modules/@types/node/http.d.ts(504,97): error TS1005: ',' expected.
node_modules/@types/node/http.d.ts(504,103): error TS1005: ')' expected.
node_modules/@types/node/http.d.ts(505,30): error TS1005: ',' expected.
node_modules/@types/node/http.d.ts(505,55): error TS1005: ',' expected.
node_modules/@types/node/http.d.ts(505,100): error TS1109: Expression expected.
node_modules/@types/node/http.d.ts(505,101): error TS1005: ';' expected.
node_modules/@types/node/http.d.ts(507,18): error TS1005: ',' expected.
node_modules/@types/node/http.d.ts(508,21): error TS1005: ',' expected.
node_modules/@types/node/http.d.ts(508,96): error TS1109: Expression expected.
node_modules/@types/node/http.d.ts(509,10): error TS1005: ';' expected.
node_modules/@types/node/http.d.ts(511,18): error TS1005: ',' expected.
node_modules/@types/node/http.d.ts(512,21): error TS1005: ',' expected.
node_modules/@types/node/http.d.ts(512,82): error TS1109: Expression expected.
node_modules/@types/node/http.d.ts(513,10): error TS1005: ';' expected.
node_modules/@types/node/http.d.ts(514,30): error TS1005: ',' expected.
node_modules/@types/node/http.d.ts(514,51): error TS1005: ',' expected.
node_modules/@types/node/http.d.ts(514,87): error TS1005: '(' expected.
node_modules/@types/node/http.d.ts(514,88): error TS1005: ',' expected.
node_modules/@types/node/http.d.ts(514,94): error TS1005: ')' expected.
node_modules/@types/node/http.d.ts(516,18): error TS1005: ',' expected.
node_modules/@types/node/http.d.ts(517,21): error TS1005: ',' expected.
node_modules/@types/node/http.d.ts(517,96): error TS1109: Expression expected.
node_modules/@types/node/http.d.ts(518,10): error TS1005: ';' expected.
node_modules/@types/node/http.d.ts(519,34): error TS1005: ',' expected.
node_modules/@types/node/http.d.ts(519,52): error TS1005: ',' expected.
node_modules/@types/node/http.d.ts(519,78): error TS1109: Expression expected.
node_modules/@types/node/http.d.ts(519,79): error TS1005: ';' expected.
node_modules/@types/node/http.d.ts(520,34): error TS1005: ',' expected.
node_modules/@types/node/http.d.ts(520,53): error TS1005: ',' expected.
node_modules/@types/node/http.d.ts(520,65): error TS1109: Expression expected.
node_modules/@types/node/http.d.ts(520,66): error TS1005: ';' expected.
node_modules/@types/node/http.d.ts(521,34): error TS1005: ',' expected.
node_modules/@types/node/http.d.ts(521,58): error TS1005: ',' expected.
node_modules/@types/node/http.d.ts(521,84): error TS1109: Expression expected.
node_modules/@types/node/http.d.ts(521,85): error TS1005: ';' expected.
node_modules/@types/node/http.d.ts(522,34): error TS1005: ',' expected.
node_modules/@types/node/http.d.ts(522,53): error TS1005: ',' expected.
node_modules/@types/node/http.d.ts(522,75): error TS1109: Expression expected.
node_modules/@types/node/http.d.ts(522,76): error TS1005: ';' expected.
node_modules/@types/node/http.d.ts(523,34): error TS1005: ',' expected.
node_modules/@types/node/http.d.ts(523,57): error TS1005: ',' expected.
node_modules/@types/node/http.d.ts(523,69): error TS1109: Expression expected.
node_modules/@types/node/http.d.ts(523,70): error TS1005: ';' expected.
node_modules/@types/node/http.d.ts(524,34): error TS1005: ',' expected.
node_modules/@types/node/http.d.ts(524,61): error TS1005: ',' expected.
node_modules/@types/node/http.d.ts(524,97): error TS1005: '(' expected.
node_modules/@types/node/http.d.ts(524,98): error TS1005: ',' expected.
node_modules/@types/node/http.d.ts(524,104): error TS1005: ')' expected.
node_modules/@types/node/http.d.ts(525,34): error TS1005: ',' expected.
node_modules/@types/node/http.d.ts(525,64): error TS1005: ',' expected.
node_modules/@types/node/http.d.ts(525,100): error TS1005: '(' expected.
node_modules/@types/node/http.d.ts(525,101): error TS1005: ',' expected.
node_modules/@types/node/http.d.ts(525,107): error TS1005: ')' expected.
node_modules/@types/node/http.d.ts(526,34): error TS1005: ',' expected.
node_modules/@types/node/http.d.ts(526,59): error TS1005: ',' expected.
node_modules/@types/node/http.d.ts(526,104): error TS1109: Expression expected.
node_modules/@types/node/http.d.ts(526,105): error TS1005: ';' expected.
node_modules/@types/node/http.d.ts(528,18): error TS1005: ',' expected.
node_modules/@types/node/http.d.ts(529,21): error TS1005: ',' expected.
node_modules/@types/node/http.d.ts(529,96): error TS1109: Expression expected.
node_modules/@types/node/http.d.ts(530,10): error TS1005: ';' expected.
node_modules/@types/node/http.d.ts(532,18): error TS1005: ',' expected.
node_modules/@types/node/http.d.ts(533,21): error TS1005: ',' expected.
node_modules/@types/node/http.d.ts(533,82): error TS1109: Expression expected.
node_modules/@types/node/http.d.ts(534,10): error TS1005: ';' expected.
node_modules/@types/node/http.d.ts(535,34): error TS1005: ',' expected.
node_modules/@types/node/http.d.ts(535,55): error TS1005: ',' expected.
node_modules/@types/node/http.d.ts(535,91): error TS1005: '(' expected.
node_modules/@types/node/http.d.ts(535,92): error TS1005: ',' expected.
node_modules/@types/node/http.d.ts(535,98): error TS1005: ')' expected.
node_modules/@types/node/http.d.ts(537,18): error TS1005: ',' expected.
node_modules/@types/node/http.d.ts(538,21): error TS1005: ',' expected.
node_modules/@types/node/http.d.ts(538,96): error TS1109: Expression expected.
node_modules/@types/node/http.d.ts(539,10): error TS1005: ';' expected.
node_modules/@types/node/http.d.ts(1556,47): error TS1005: ',' expected.
node_modules/@types/node/http.d.ts(1556,71): error TS1109: Expression expected.
node_modules/@types/node/http.d.ts(1556,117): error TS1109: Expression expected.
node_modules/@types/node/http.d.ts(1557,5): error TS1109: Expression expected.
node_modules/@types/node/http.d.ts(1557,23): error TS1109: Expression expected.
node_modules/@types/node/http.d.ts(1557,59): error TS1005: '(' expected.
node_modules/@types/node/http.d.ts(1557,60): error TS1005: ')' expected.
node_modules/@types/node/http.d.ts(1557,87): error TS1005: '(' expected.
node_modules/@types/node/http.d.ts(1560,47): error TS1005: ',' expected.
node_modules/@types/node/http.d.ts(1560,71): error TS1109: Expression expected.
node_modules/@types/node/http.d.ts(1560,117): error TS1109: Expression expected.
node_modules/@types/node/http.d.ts(1561,5): error TS1109: Expression expected.
node_modules/@types/node/http.d.ts(1562,16): error TS1005: ')' expected.
node_modules/@types/node/http.d.ts(1562,50): error TS1109: Expression expected.
node_modules/@types/node/http.d.ts(1563,25): error TS1109: Expression expected.
node_modules/@types/node/http.d.ts(1563,61): error TS1109: Expression expected.
node_modules/@types/node/http.d.ts(1564,5): error TS1109: Expression expected.
node_modules/@types/node/http.d.ts(1564,6): error TS1128: Declaration or statement expected.
node_modules/@types/node/http.d.ts(1564,33): error TS1005: '(' expected.
node_modules/@types/node/http2.d.ts(1057,52): error TS1005: ',' expected.
node_modules/@types/node/http2.d.ts(1057,81): error TS1109: Expression expected.
node_modules/@types/node/http2.d.ts(1059,9): error TS1109: Expression expected.
node_modules/@types/node/http2.d.ts(1059,10): error TS1109: Expression expected.
node_modules/@types/node/http2.d.ts(1060,22): error TS1005: ';' expected.
node_modules/@types/node/http2.d.ts(1060,56): error TS1005: ';' expected.
node_modules/@types/node/http2.d.ts(1061,23): error TS1005: ';' expected.
node_modules/@types/node/http2.d.ts(1061,86): error TS1109: Expression expected.
node_modules/@types/node/http2.d.ts(1063,9): error TS1109: Expression expected.
node_modules/@types/node/http2.d.ts(1063,10): error TS1109: Expression expected.
node_modules/@types/node/http2.d.ts(1064,5): error TS1109: Expression expected.
node_modules/@types/node/http2.d.ts(1064,7): error TS1109: Expression expected.
node_modules/@types/node/http2.d.ts(1064,15): error TS1434: Unexpected keyword or identifier.
node_modules/@types/node/http2.d.ts(1065,9): error TS1128: Declaration or statement expected.
node_modules/@types/node/http2.d.ts(1066,13): error TS1109: Expression expected.
node_modules/@types/node/http2.d.ts(1067,13): error TS1005: '(' expected.
node_modules/@types/node/http2.d.ts(1067,90): error TS1005: '(' expected.
node_modules/@types/node/http2.d.ts(1106,19): error TS1005: ',' expected.
node_modules/@types/node/http2.d.ts(1106,43): error TS1005: ',' expected.
node_modules/@types/node/http2.d.ts(1106,99): error TS1005: ';' expected.
node_modules/@types/node/http2.d.ts(1106,105): error TS1109: Expression expected.
node_modules/@types/node/http2.d.ts(1152,23): error TS1005: ',' expected.
node_modules/@types/node/http2.d.ts(1159,9): error TS1005: '(' expected.
node_modules/@types/node/http2.d.ts(1159,10): error TS1005: ',' expected.
node_modules/@types/node/http2.d.ts(1159,16): error TS1109: Expression expected.
node_modules/@types/node/http2.d.ts(1161,18): error TS1005: ',' expected.
node_modules/@types/node/http2.d.ts(1162,21): error TS1005: ',' expected.
node_modules/@types/node/http2.d.ts(1165,22): error TS1109: Expression expected.
node_modules/@types/node/http2.d.ts(1166,10): error TS1005: ';' expected.
node_modules/@types/node/http2.d.ts(1168,18): error TS1005: ',' expected.
node_modules/@types/node/http2.d.ts(1169,21): error TS1005: ',' expected.
node_modules/@types/node/http2.d.ts(1169,103): error TS1109: Expression expected.
node_modules/@types/node/http2.d.ts(1170,10): error TS1005: ';' expected.
node_modules/@types/node/http2.d.ts(1171,26): error TS1005: ',' expected.
node_modules/@types/node/http2.d.ts(1171,53): error TS1005: ',' expected.
node_modules/@types/node/http2.d.ts(1171,79): error TS1109: Expression expected.
node_modules/@types/node/http2.d.ts(1171,80): error TS1005: ';' expected.
node_modules/@types/node/http2.d.ts(1173,18): error TS1005: ',' expected.
node_modules/@types/node/http2.d.ts(1174,20): error TS1005: ',' expected.
node_modules/@types/node/http2.d.ts(1174,98): error TS1109: Expression expected.
node_modules/@types/node/http2.d.ts(1175,19): error TS1005: ',' expected.
node_modules/@types/node/http2.d.ts(1176,10): error TS1005: ';' expected.
node_modules/@types/node/http2.d.ts(1177,19): error TS1005: ',' expected.
node_modules/@types/node/http2.d.ts(1177,37): error TS1005: ',' expected.
node_modules/@types/node/http2.d.ts(1177,65): error TS1005: ',' expected.
node_modules/@types/node/http2.d.ts(1177,93): error TS1005: ',' expected.
node_modules/@types/node/http2.d.ts(1177,102): error TS1005: ';' expected.
node_modules/@types/node/http2.d.ts(1178,19): error TS1005: ',' expected.
node_modules/@types/node/http2.d.ts(1178,45): error TS1005: ',' expected.
node_modules/@types/node/http2.d.ts(1178,51): error TS1011: An element access expression should take an argument.
node_modules/@types/node/http2.d.ts(1178,53): error TS1005: ';' expected.
node_modules/@types/node/http2.d.ts(1180,18): error TS1005: ',' expected.
node_modules/@types/node/http2.d.ts(1181,21): error TS1005: ',' expected.
node_modules/@types/node/http2.d.ts(1184,22): error TS1109: Expression expected.
node_modules/@types/node/http2.d.ts(1185,10): error TS1005: ';' expected.
node_modules/@types/node/http2.d.ts(1187,18): error TS1005: ',' expected.
node_modules/@types/node/http2.d.ts(1188,21): error TS1005: ',' expected.
node_modules/@types/node/http2.d.ts(1188,103): error TS1109: Expression expected.
node_modules/@types/node/http2.d.ts(1189,10): error TS1005: ';' expected.
node_modules/@types/node/http2.d.ts(1190,17): error TS1005: ',' expected.
node_modules/@types/node/http2.d.ts(1190,44): error TS1005: ',' expected.
node_modules/@types/node/http2.d.ts(1190,70): error TS1109: Expression expected.
node_modules/@types/node/http2.d.ts(1190,71): error TS1005: ';' expected.
node_modules/@types/node/http2.d.ts(1192,18): error TS1005: ',' expected.
node_modules/@types/node/http2.d.ts(1193,21): error TS1005: ',' expected.
node_modules/@types/node/http2.d.ts(1196,22): error TS1109: Expression expected.
node_modules/@types/node/http2.d.ts(1197,10): error TS1005: ';' expected.
node_modules/@types/node/http2.d.ts(1199,18): error TS1005: ',' expected.
node_modules/@types/node/http2.d.ts(1200,21): error TS1005: ',' expected.
node_modules/@types/node/http2.d.ts(1200,103): error TS1109: Expression expected.
node_modules/@types/node/http2.d.ts(1201,10): error TS1005: ';' expected.
node_modules/@types/node/http2.d.ts(1202,19): error TS1005: ',' expected.
node_modules/@types/node/http2.d.ts(1202,46): error TS1005: ',' expected.
node_modules/@types/node/http2.d.ts(1202,72): error TS1109: Expression expected.
node_modules/@types/node/http2.d.ts(1202,73): error TS1005: ';' expected.
node_modules/@types/node/http2.d.ts(1204,18): error TS1005: ',' expected.
node_modules/@types/node/http2.d.ts(1205,21): error TS1005: ',' expected.
node_modules/@types/node/http2.d.ts(1208,22): error TS1109: Expression expected.
node_modules/@types/node/http2.d.ts(1209,10): error TS1005: ';' expected.
node_modules/@types/node/http2.d.ts(1211,18): error TS1005: ',' expected.
node_modules/@types/node/http2.d.ts(1212,21): error TS1005: ',' expected.
node_modules/@types/node/http2.d.ts(1212,103): error TS1109: Expression expected.
node_modules/@types/node/http2.d.ts(1213,10): error TS1005: ';' expected.
node_modules/@types/node/http2.d.ts(1214,30): error TS1005: ',' expected.
node_modules/@types/node/http2.d.ts(1214,57): error TS1005: ',' expected.
node_modules/@types/node/http2.d.ts(1214,83): error TS1109: Expression expected.
node_modules/@types/node/http2.d.ts(1214,84): error TS1005: ';' expected.
node_modules/@types/node/http2.d.ts(1216,18): error TS1005: ',' expected.
node_modules/@types/node/http2.d.ts(1217,21): error TS1005: ',' expected.
node_modules/@types/node/http2.d.ts(1220,22): error TS1109: Expression expected.
node_modules/@types/node/http2.d.ts(1221,10): error TS1005: ';' expected.
node_modules/@types/node/http2.d.ts(1223,18): error TS1005: ',' expected.
node_modules/@types/node/http2.d.ts(1224,21): error TS1005: ',' expected.
node_modules/@types/node/http2.d.ts(1224,103): error TS1109: Expression expected.
node_modules/@types/node/http2.d.ts(1225,10): error TS1005: ';' expected.
node_modules/@types/node/http2.d.ts(1226,34): error TS1005: ',' expected.
node_modules/@types/node/http2.d.ts(1226,61): error TS1005: ',' expected.
node_modules/@types/node/http2.d.ts(1226,87): error TS1109: Expression expected.
node_modules/@types/node/http2.d.ts(1226,88): error TS1005: ';' expected.
node_modules/@types/node/http2.d.ts(1255,52): error TS1005: ',' expected.
node_modules/@types/node/http2.d.ts(1255,81): error TS1109: Expression expected.
node_modules/@types/node/http2.d.ts(1257,9): error TS1109: Expression expected.
node_modules/@types/node/http2.d.ts(1257,10): error TS1109: Expression expected.
node_modules/@types/node/http2.d.ts(1258,22): error TS1005: ';' expected.
node_modules/@types/node/http2.d.ts(1258,56): error TS1005: ';' expected.
node_modules/@types/node/http2.d.ts(1259,23): error TS1005: ';' expected.
node_modules/@types/node/http2.d.ts(1259,86): error TS1109: Expression expected.
node_modules/@types/node/http2.d.ts(1261,9): error TS1109: Expression expected.
node_modules/@types/node/http2.d.ts(1261,10): error TS1109: Expression expected.
node_modules/@types/node/http2.d.ts(1262,5): error TS1109: Expression expected.
node_modules/@types/node/http2.d.ts(1262,7): error TS1109: Expression expected.
node_modules/@types/node/http2.d.ts(1262,15): error TS1434: Unexpected keyword or identifier.
node_modules/@types/node/http2.d.ts(1263,30): error TS1109: Expression expected.
node_modules/@types/node/http2.d.ts(1264,29): error TS1109: Expression expected.
node_modules/@types/node/http2.d.ts(1265,28): error TS1109: Expression expected.
node_modules/@types/node/http2.d.ts(1266,29): error TS1109: Expression expected.
node_modules/@types/node/http2.d.ts(1271,52): error TS1005: ',' expected.
node_modules/@types/node/http2.d.ts(1271,81): error TS1109: Expression expected.
node_modules/@types/node/http2.d.ts(1273,9): error TS1109: Expression expected.
node_modules/@types/node/http2.d.ts(1273,10): error TS1109: Expression expected.
node_modules/@types/node/http2.d.ts(1274,22): error TS1005: ';' expected.
node_modules/@types/node/http2.d.ts(1274,56): error TS1005: ';' expected.
node_modules/@types/node/http2.d.ts(1275,23): error TS1005: ';' expected.
node_modules/@types/node/http2.d.ts(1275,86): error TS1109: Expression expected.
node_modules/@types/node/http2.d.ts(1277,9): error TS1109: Expression expected.
node_modules/@types/node/http2.d.ts(1277,10): error TS1109: Expression expected.
node_modules/@types/node/http2.d.ts(1278,5): error TS1109: Expression expected.
node_modules/@types/node/http2.d.ts(1278,7): error TS1109: Expression expected.
node_modules/@types/node/http2.d.ts(1278,93): error TS1109: Expression expected.
node_modules/@types/node/http2.d.ts(1278,110): error TS1005: ';' expected.
node_modules/@types/node/http2.d.ts(1281,52): error TS1005: ',' expected.
node_modules/@types/node/http2.d.ts(1281,81): error TS1109: Expression expected.
node_modules/@types/node/http2.d.ts(1283,9): error TS1109: Expression expected.
node_modules/@types/node/http2.d.ts(1283,10): error TS1109: Expression expected.
node_modules/@types/node/http2.d.ts(1284,22): error TS1005: ';' expected.
node_modules/@types/node/http2.d.ts(1284,56): error TS1005: ';' expected.
node_modules/@types/node/http2.d.ts(1285,23): error TS1005: ';' expected.
node_modules/@types/node/http2.d.ts(1285,86): error TS1109: Expression expected.
node_modules/@types/node/http2.d.ts(1287,9): error TS1109: Expression expected.
node_modules/@types/node/http2.d.ts(1287,10): error TS1109: Expression expected.
node_modules/@types/node/http2.d.ts(1288,5): error TS1109: Expression expected.
node_modules/@types/node/http2.d.ts(1288,7): error TS1109: Expression expected.
node_modules/@types/node/http2.d.ts(1291,52): error TS1005: ',' expected.
node_modules/@types/node/http2.d.ts(1291,81): error TS1109: Expression expected.
node_modules/@types/node/http2.d.ts(1293,9): error TS1109: Expression expected.
node_modules/@types/node/http2.d.ts(1293,10): error TS1109: Expression expected.
node_modules/@types/node/http2.d.ts(1294,22): error TS1005: ';' expected.
node_modules/@types/node/http2.d.ts(1294,56): error TS1005: ';' expected.
node_modules/@types/node/http2.d.ts(1295,23): error TS1005: ';' expected.
node_modules/@types/node/http2.d.ts(1295,86): error TS1109: Expression expected.
node_modules/@types/node/http2.d.ts(1297,9): error TS1109: Expression expected.
node_modules/@types/node/http2.d.ts(1297,10): error TS1109: Expression expected.
node_modules/@types/node/http2.d.ts(1298,5): error TS1109: Expression expected.
node_modules/@types/node/http2.d.ts(1298,7): error TS1109: Expression expected.
node_modules/@types/node/http2.d.ts(1299,41): error TS1005: ',' expected.
node_modules/@types/node/http2.d.ts(1300,26): error TS1011: An element access expression should take an argument.
node_modules/@types/node/http2.d.ts(1300,39): error TS1005: ',' expected.
node_modules/@types/node/http2.d.ts(1312,52): error TS1005: ',' expected.
node_modules/@types/node/http2.d.ts(1312,81): error TS1109: Expression expected.
node_modules/@types/node/http2.d.ts(1314,9): error TS1109: Expression expected.
node_modules/@types/node/http2.d.ts(1314,10): error TS1109: Expression expected.
node_modules/@types/node/http2.d.ts(1315,22): error TS1005: ';' expected.
node_modules/@types/node/http2.d.ts(1315,56): error TS1005: ';' expected.
node_modules/@types/node/http2.d.ts(1316,23): error TS1005: ';' expected.
node_modules/@types/node/http2.d.ts(1316,86): error TS1109: Expression expected.
node_modules/@types/node/http2.d.ts(1318,9): error TS1109: Expression expected.
node_modules/@types/node/http2.d.ts(1318,10): error TS1109: Expression expected.
node_modules/@types/node/http2.d.ts(1319,5): error TS1109: Expression expected.
node_modules/@types/node/http2.d.ts(1319,7): error TS1109: Expression expected.
node_modules/@types/node/http2.d.ts(1319,45): error TS1005: ';' expected.
node_modules/@types/node/http2.d.ts(1321,18): error TS1005: ',' expected.
node_modules/@types/node/http2.d.ts(1322,21): error TS1005: ',' expected.
node_modules/@types/node/http2.d.ts(1322,107): error TS1109: Expression expected.
node_modules/@types/node/http2.d.ts(1323,10): error TS1005: ';' expected.
node_modules/@types/node/http2.d.ts(1325,18): error TS1005: ',' expected.
node_modules/@types/node/http2.d.ts(1326,21): error TS1005: ',' expected.
node_modules/@types/node/http2.d.ts(1326,107): error TS1109: Expression expected.
node_modules/@types/node/http2.d.ts(1327,10): error TS1005: ';' expected.
node_modules/@types/node/http2.d.ts(1329,18): error TS1005: ',' expected.
node_modules/@types/node/http2.d.ts(1330,21): error TS1005: ',' expected.
node_modules/@types/node/http2.d.ts(1330,118): error TS1109: Expression expected.
node_modules/@types/node/http2.d.ts(1331,10): error TS1005: ';' expected.
node_modules/@types/node/http2.d.ts(1332,26): error TS1005: ',' expected.
node_modules/@types/node/http2.d.ts(1332,52): error TS1005: ',' expected.
node_modules/@types/node/http2.d.ts(1332,74): error TS1109: Expression expected.
node_modules/@types/node/http2.d.ts(1332,75): error TS1005: ';' expected.
node_modules/@types/node/http2.d.ts(1334,18): error TS1005: ',' expected.
node_modules/@types/node/http2.d.ts(1335,21): error TS1005: ',' expected.
node_modules/@types/node/http2.d.ts(1335,103): error TS1109: Expression expected.
node_modules/@types/node/http2.d.ts(1336,10): error TS1005: ';' expected.
node_modules/@types/node/http2.d.ts(1337,26): error TS1005: ',' expected.
node_modules/@types/node/http2.d.ts(1337,47): error TS1005: ',' expected.
node_modules/@types/node/http2.d.ts(1337,59): error TS1109: Expression expected.
node_modules/@types/node/http2.d.ts(1337,60): error TS1005: ';' expected.
node_modules/@types/node/http2.d.ts(1338,26): error TS1005: ',' expected.
node_modules/@types/node/http2.d.ts(1338,53): error TS1005: ',' expected.
node_modules/@types/node/http2.d.ts(1338,79): error TS1109: Expression expected.
node_modules/@types/node/http2.d.ts(1338,80): error TS1005: ';' expected.
node_modules/@types/node/http2.d.ts(1340,18): error TS1005: ',' expected.
node_modules/@types/node/http2.d.ts(1341,20): error TS1005: ',' expected.
node_modules/@types/node/http2.d.ts(1341,48): error TS1109: Expression expected.
node_modules/@types/node/http2.d.ts(1342,21): error TS1005: ',' expected.
node_modules/@types/node/http2.d.ts(1342,50): error TS1109: Expression expected.
node_modules/@types/node/http2.d.ts(1343,10): error TS1005: ';' expected.
node_modules/@types/node/http2.d.ts(1344,19): error TS1005: ',' expected.
node_modules/@types/node/http2.d.ts(1344,39): error TS1005: ',' expected.
node_modules/@types/node/http2.d.ts(1344,67): error TS1109: Expression expected.
node_modules/@types/node/http2.d.ts(1344,77): error TS1005: ',' expected.
node_modules/@types/node/http2.d.ts(1344,106): error TS1005: '(' expected.
node_modules/@types/node/http2.d.ts(1344,107): error TS1005: ',' expected.
node_modules/@types/node/http2.d.ts(1344,116): error TS1005: ')' expected.
node_modules/@types/node/http2.d.ts(1346,18): error TS1005: ',' expected.
node_modules/@types/node/http2.d.ts(1347,20): error TS1005: ',' expected.
node_modules/@types/node/http2.d.ts(1347,98): error TS1109: Expression expected.
node_modules/@types/node/http2.d.ts(1348,10): error TS1005: ';' expected.
node_modules/@types/node/http2.d.ts(1349,19): error TS1005: ',' expected.
node_modules/@types/node/http2.d.ts(1349,40): error TS1005: ',' expected.
node_modules/@types/node/http2.d.ts(1349,48): error TS1005: ';' expected.
node_modules/@types/node/http2.d.ts(1350,19): error TS1005: ',' expected.
node_modules/@types/node/http2.d.ts(1350,37): error TS1005: ',' expected.
node_modules/@types/node/http2.d.ts(1350,65): error TS1005: ',' expected.
node_modules/@types/node/http2.d.ts(1350,93): error TS1005: ',' expected.
node_modules/@types/node/http2.d.ts(1350,102): error TS1005: ';' expected.
node_modules/@types/node/http2.d.ts(1351,19): error TS1005: ',' expected.
node_modules/@types/node/http2.d.ts(1351,31): error TS1005: ';' expected.
node_modules/@types/node/http2.d.ts(1352,19): error TS1005: ',' expected.
node_modules/@types/node/http2.d.ts(1352,45): error TS1005: ',' expected.
node_modules/@types/node/http2.d.ts(1352,51): error TS1011: An element access expression should take an argument.
node_modules/@types/node/http2.d.ts(1352,53): error TS1005: ';' expected.
node_modules/@types/node/http2.d.ts(1354,18): error TS1005: ',' expected.
node_modules/@types/node/http2.d.ts(1355,21): error TS1005: ',' expected.
node_modules/@types/node/http2.d.ts(1355,107): error TS1109: Expression expected.
node_modules/@types/node/http2.d.ts(1356,10): error TS1005: ';' expected.
node_modules/@types/node/http2.d.ts(1358,18): error TS1005: ',' expected.
node_modules/@types/node/http2.d.ts(1359,21): error TS1005: ',' expected.
node_modules/@types/node/http2.d.ts(1359,107): error TS1109: Expression expected.
node_modules/@types/node/http2.d.ts(1360,10): error TS1005: ';' expected.
node_modules/@types/node/http2.d.ts(1362,18): error TS1005: ',' expected.
node_modules/@types/node/http2.d.ts(1363,21): error TS1005: ',' expected.
node_modules/@types/node/http2.d.ts(1363,118): error TS1109: Expression expected.
node_modules/@types/node/http2.d.ts(1364,10): error TS1005: ';' expected.
node_modules/@types/node/http2.d.ts(1365,17): error TS1005: ',' expected.
node_modules/@types/node/http2.d.ts(1365,43): error TS1005: ',' expected.
node_modules/@types/node/http2.d.ts(1365,65): error TS1109: Expression expected.
node_modules/@types/node/http2.d.ts(1365,66): error TS1005: ';' expected.
node_modules/@types/node/http2.d.ts(1367,18): error TS1005: ',' expected.
node_modules/@types/node/http2.d.ts(1368,21): error TS1005: ',' expected.
node_modules/@types/node/http2.d.ts(1368,103): error TS1109: Expression expected.
node_modules/@types/node/http2.d.ts(1369,10): error TS1005: ';' expected.
node_modules/@types/node/http2.d.ts(1370,17): error TS1005: ',' expected.
node_modules/@types/node/http2.d.ts(1370,38): error TS1005: ',' expected.
node_modules/@types/node/http2.d.ts(1370,50): error TS1109: Expression expected.
node_modules/@types/node/http2.d.ts(1370,51): error TS1005: ';' expected.
node_modules/@types/node/http2.d.ts(1371,17): error TS1005: ',' expected.
node_modules/@types/node/http2.d.ts(1371,44): error TS1005: ',' expected.
node_modules/@types/node/http2.d.ts(1371,70): error TS1109: Expression expected.
node_modules/@types/node/http2.d.ts(1371,71): error TS1005: ';' expected.
node_modules/@types/node/http2.d.ts(1373,18): error TS1005: ',' expected.
node_modules/@types/node/http2.d.ts(1374,21): error TS1005: ',' expected.
node_modules/@types/node/http2.d.ts(1374,107): error TS1109: Expression expected.
node_modules/@types/node/http2.d.ts(1375,10): error TS1005: ';' expected.
node_modules/@types/node/http2.d.ts(1377,18): error TS1005: ',' expected.
node_modules/@types/node/http2.d.ts(1378,21): error TS1005: ',' expected.
node_modules/@types/node/http2.d.ts(1378,107): error TS1109: Expression expected.
node_modules/@types/node/http2.d.ts(1379,10): error TS1005: ';' expected.
node_modules/@types/node/http2.d.ts(1381,18): error TS1005: ',' expected.
node_modules/@types/node/http2.d.ts(1382,21): error TS1005: ',' expected.
node_modules/@types/node/http2.d.ts(1382,118): error TS1109: Expression expected.
node_modules/@types/node/http2.d.ts(1383,10): error TS1005: ';' expected.
node_modules/@types/node/http2.d.ts(1384,19): error TS1005: ',' expected.
node_modules/@types/node/http2.d.ts(1384,45): error TS1005: ',' expected.
node_modules/@types/node/http2.d.ts(1384,67): error TS1109: Expression expected.
node_modules/@types/node/http2.d.ts(1384,68): error TS1005: ';' expected.
node_modules/@types/node/http2.d.ts(1386,18): error TS1005: ',' expected.
node_modules/@types/node/http2.d.ts(1387,21): error TS1005: ',' expected.
node_modules/@types/node/http2.d.ts(1387,103): error TS1109: Expression expected.
node_modules/@types/node/http2.d.ts(1388,10): error TS1005: ';' expected.
node_modules/@types/node/http2.d.ts(1389,19): error TS1005: ',' expected.
node_modules/@types/node/http2.d.ts(1389,40): error TS1005: ',' expected.
node_modules/@types/node/http2.d.ts(1389,52): error TS1109: Expression expected.
node_modules/@types/node/http2.d.ts(1389,53): error TS1005: ';' expected.
node_modules/@types/node/http2.d.ts(1390,19): error TS1005: ',' expected.
node_modules/@types/node/http2.d.ts(1390,46): error TS1005: ',' expected.
node_modules/@types/node/http2.d.ts(1390,72): error TS1109: Expression expected.
node_modules/@types/node/http2.d.ts(1390,73): error TS1005: ';' expected.
node_modules/@types/node/http2.d.ts(1392,18): error TS1005: ',' expected.
node_modules/@types/node/http2.d.ts(1393,21): error TS1005: ',' expected.
node_modules/@types/node/http2.d.ts(1393,107): error TS1109: Expression expected.
node_modules/@types/node/http2.d.ts(1394,10): error TS1005: ';' expected.
node_modules/@types/node/http2.d.ts(1396,18): error TS1005: ',' expected.
node_modules/@types/node/http2.d.ts(1397,21): error TS1005: ',' expected.
node_modules/@types/node/http2.d.ts(1397,107): error TS1109: Expression expected.
node_modules/@types/node/http2.d.ts(1398,10): error TS1005: ';' expected.
node_modules/@types/node/http2.d.ts(1400,18): error TS1005: ',' expected.
node_modules/@types/node/http2.d.ts(1401,21): error TS1005: ',' expected.
node_modules/@types/node/http2.d.ts(1401,118): error TS1109: Expression expected.
node_modules/@types/node/http2.d.ts(1402,10): error TS1005: ';' expected.
node_modules/@types/node/http2.d.ts(1403,30): error TS1005: ',' expected.
node_modules/@types/node/http2.d.ts(1403,56): error TS1005: ',' expected.
node_modules/@types/node/http2.d.ts(1403,78): error TS1109: Expression expected.
node_modules/@types/node/http2.d.ts(1403,79): error TS1005: ';' expected.
node_modules/@types/node/http2.d.ts(1405,18): error TS1005: ',' expected.
node_modules/@types/node/http2.d.ts(1406,21): error TS1005: ',' expected.
node_modules/@types/node/http2.d.ts(1406,103): error TS1109: Expression expected.
node_modules/@types/node/http2.d.ts(1407,10): error TS1005: ';' expected.
node_modules/@types/node/http2.d.ts(1408,30): error TS1005: ',' expected.
node_modules/@types/node/http2.d.ts(1408,51): error TS1005: ',' expected.
node_modules/@types/node/http2.d.ts(1408,63): error TS1109: Expression expected.
node_modules/@types/node/http2.d.ts(1408,64): error TS1005: ';' expected.
node_modules/@types/node/http2.d.ts(1409,30): error TS1005: ',' expected.
node_modules/@types/node/http2.d.ts(1409,57): error TS1005: ',' expected.
node_modules/@types/node/http2.d.ts(1409,83): error TS1109: Expression expected.
node_modules/@types/node/http2.d.ts(1409,84): error TS1005: ';' expected.
node_modules/@types/node/http2.d.ts(1411,18): error TS1005: ',' expected.
node_modules/@types/node/http2.d.ts(1412,21): error TS1005: ',' expected.
node_modules/@types/node/http2.d.ts(1412,107): error TS1109: Expression expected.
node_modules/@types/node/http2.d.ts(1413,10): error TS1005: ';' expected.
node_modules/@types/node/http2.d.ts(1415,18): error TS1005: ',' expected.
node_modules/@types/node/http2.d.ts(1416,21): error TS1005: ',' expected.
node_modules/@types/node/http2.d.ts(1416,107): error TS1109: Expression expected.
node_modules/@types/node/http2.d.ts(1417,10): error TS1005: ';' expected.
node_modules/@types/node/http2.d.ts(1419,18): error TS1005: ',' expected.
node_modules/@types/node/http2.d.ts(1420,21): error TS1005: ',' expected.
node_modules/@types/node/http2.d.ts(1420,118): error TS1109: Expression expected.
node_modules/@types/node/http2.d.ts(1421,10): error TS1005: ';' expected.
node_modules/@types/node/http2.d.ts(1422,34): error TS1005: ',' expected.
node_modules/@types/node/http2.d.ts(1422,60): error TS1005: ',' expected.
node_modules/@types/node/http2.d.ts(1422,82): error TS1109: Expression expected.
node_modules/@types/node/http2.d.ts(1422,83): error TS1005: ';' expected.
node_modules/@types/node/http2.d.ts(1424,18): error TS1005: ',' expected.
node_modules/@types/node/http2.d.ts(1425,21): error TS1005: ',' expected.
node_modules/@types/node/http2.d.ts(1425,103): error TS1109: Expression expected.
node_modules/@types/node/http2.d.ts(1426,10): error TS1005: ';' expected.
node_modules/@types/node/http2.d.ts(1427,34): error TS1005: ',' expected.
node_modules/@types/node/http2.d.ts(1427,55): error TS1005: ',' expected.
node_modules/@types/node/http2.d.ts(1427,67): error TS1109: Expression expected.
node_modules/@types/node/http2.d.ts(1427,68): error TS1005: ';' expected.
node_modules/@types/node/http2.d.ts(1428,34): error TS1005: ',' expected.
node_modules/@types/node/http2.d.ts(1428,61): error TS1005: ',' expected.
node_modules/@types/node/http2.d.ts(1428,87): error TS1109: Expression expected.
node_modules/@types/node/http2.d.ts(1428,88): error TS1005: ';' expected.
node_modules/@types/node/http2.d.ts(1432,52): error TS1005: ',' expected.
node_modules/@types/node/http2.d.ts(1432,81): error TS1109: Expression expected.
node_modules/@types/node/http2.d.ts(1434,9): error TS1109: Expression expected.
node_modules/@types/node/http2.d.ts(1434,10): error TS1109: Expression expected.
node_modules/@types/node/http2.d.ts(1435,22): error TS1005: ';' expected.
node_modules/@types/node/http2.d.ts(1435,56): error TS1005: ';' expected.
node_modules/@types/node/http2.d.ts(1436,23): error TS1005: ';' expected.
node_modules/@types/node/http2.d.ts(1436,86): error TS1109: Expression expected.
node_modules/@types/node/http2.d.ts(1438,9): error TS1109: Expression expected.
node_modules/@types/node/http2.d.ts(1438,10): error TS1109: Expression expected.
node_modules/@types/node/http2.d.ts(1439,5): error TS1109: Expression expected.
node_modules/@types/node/http2.d.ts(1439,7): error TS1109: Expression expected.
node_modules/@types/node/http2.d.ts(1439,45): error TS1005: ';' expected.
node_modules/@types/node/http2.d.ts(1441,18): error TS1005: ',' expected.
node_modules/@types/node/http2.d.ts(1442,21): error TS1005: ',' expected.
node_modules/@types/node/http2.d.ts(1442,107): error TS1109: Expression expected.
node_modules/@types/node/http2.d.ts(1443,10): error TS1005: ';' expected.
node_modules/@types/node/http2.d.ts(1445,18): error TS1005: ',' expected.
node_modules/@types/node/http2.d.ts(1446,21): error TS1005: ',' expected.
node_modules/@types/node/http2.d.ts(1446,107): error TS1109: Expression expected.
node_modules/@types/node/http2.d.ts(1447,10): error TS1005: ';' expected.
node_modules/@types/node/http2.d.ts(1449,18): error TS1005: ',' expected.
node_modules/@types/node/http2.d.ts(1450,21): error TS1005: ',' expected.
node_modules/@types/node/http2.d.ts(1450,118): error TS1109: Expression expected.
node_modules/@types/node/http2.d.ts(1451,10): error TS1005: ';' expected.
node_modules/@types/node/http2.d.ts(1452,26): error TS1005: ',' expected.
node_modules/@types/node/http2.d.ts(1452,52): error TS1005: ',' expected.
node_modules/@types/node/http2.d.ts(1452,74): error TS1109: Expression expected.
node_modules/@types/node/http2.d.ts(1452,75): error TS1005: ';' expected.
node_modules/@types/node/http2.d.ts(1454,18): error TS1005: ',' expected.
node_modules/@types/node/http2.d.ts(1455,21): error TS1005: ',' expected.
node_modules/@types/node/http2.d.ts(1455,103): error TS1109: Expression expected.
node_modules/@types/node/http2.d.ts(1456,10): error TS1005: ';' expected.
node_modules/@types/node/http2.d.ts(1457,26): error TS1005: ',' expected.
node_modules/@types/node/http2.d.ts(1457,47): error TS1005: ',' expected.
node_modules/@types/node/http2.d.ts(1457,59): error TS1109: Expression expected.
node_modules/@types/node/http2.d.ts(1457,60): error TS1005: ';' expected.
node_modules/@types/node/http2.d.ts(1458,26): error TS1005: ',' expected.
node_modules/@types/node/http2.d.ts(1458,55): error TS1005: ',' expected.
node_modules/@types/node/http2.d.ts(1458,88): error TS1109: Expression expected.
node_modules/@types/node/http2.d.ts(1458,89): error TS1005: ';' expected.
node_modules/@types/node/http2.d.ts(1459,26): error TS1005: ',' expected.
node_modules/@types/node/http2.d.ts(1459,53): error TS1005: ',' expected.
node_modules/@types/node/http2.d.ts(1459,79): error TS1109: Expression expected.
node_modules/@types/node/http2.d.ts(1459,80): error TS1005: ';' expected.
node_modules/@types/node/http2.d.ts(1461,18): error TS1005: ',' expected.
node_modules/@types/node/http2.d.ts(1462,20): error TS1005: ',' expected.
node_modules/@types/node/http2.d.ts(1462,48): error TS1109: Expression expected.
node_modules/@types/node/http2.d.ts(1463,21): error TS1005: ',' expected.
node_modules/@types/node/http2.d.ts(1463,50): error TS1109: Expression expected.
node_modules/@types/node/http2.d.ts(1464,10): error TS1005: ';' expected.
node_modules/@types/node/http2.d.ts(1465,19): error TS1005: ',' expected.
node_modules/@types/node/http2.d.ts(1465,39): error TS1005: ',' expected.
node_modules/@types/node/http2.d.ts(1465,67): error TS1109: Expression expected.
node_modules/@types/node/http2.d.ts(1465,77): error TS1005: ',' expected.
node_modules/@types/node/http2.d.ts(1465,106): error TS1005: '(' expected.
node_modules/@types/node/http2.d.ts(1465,107): error TS1005: ',' expected.
node_modules/@types/node/http2.d.ts(1465,116): error TS1005: ')' expected.
node_modules/@types/node/http2.d.ts(1467,18): error TS1005: ',' expected.
node_modules/@types/node/http2.d.ts(1468,20): error TS1005: ',' expected.
node_modules/@types/node/http2.d.ts(1468,98): error TS1109: Expression expected.
node_modules/@types/node/http2.d.ts(1469,10): error TS1005: ';' expected.
node_modules/@types/node/http2.d.ts(1470,19): error TS1005: ',' expected.
node_modules/@types/node/http2.d.ts(1470,40): error TS1005: ',' expected.
node_modules/@types/node/http2.d.ts(1470,48): error TS1005: ';' expected.
node_modules/@types/node/http2.d.ts(1471,19): error TS1005: ',' expected.
node_modules/@types/node/http2.d.ts(1471,37): error TS1005: ',' expected.
node_modules/@types/node/http2.d.ts(1471,65): error TS1005: ',' expected.
node_modules/@types/node/http2.d.ts(1471,93): error TS1005: ',' expected.
node_modules/@types/node/http2.d.ts(1471,102): error TS1005: ';' expected.
node_modules/@types/node/http2.d.ts(1472,19): error TS1005: ',' expected.
node_modules/@types/node/http2.d.ts(1472,31): error TS1005: ';' expected.
node_modules/@types/node/http2.d.ts(1473,19): error TS1005: ',' expected.
node_modules/@types/node/http2.d.ts(1473,46): error TS1005: ',' expected.
node_modules/@types/node/http2.d.ts(1473,62): error TS1005: ';' expected.
node_modules/@types/node/http2.d.ts(1474,19): error TS1005: ',' expected.
node_modules/@types/node/http2.d.ts(1474,45): error TS1005: ',' expected.
node_modules/@types/node/http2.d.ts(1474,51): error TS1011: An element access expression should take an argument.
node_modules/@types/node/http2.d.ts(1474,53): error TS1005: ';' expected.
node_modules/@types/node/http2.d.ts(1476,18): error TS1005: ',' expected.
node_modules/@types/node/http2.d.ts(1477,21): error TS1005: ',' expected.
node_modules/@types/node/http2.d.ts(1477,107): error TS1109: Expression expected.
node_modules/@types/node/http2.d.ts(1478,10): error TS1005: ';' expected.
node_modules/@types/node/http2.d.ts(1480,18): error TS1005: ',' expected.
node_modules/@types/node/http2.d.ts(1481,21): error TS1005: ',' expected.
node_modules/@types/node/http2.d.ts(1481,107): error TS1109: Expression expected.
node_modules/@types/node/http2.d.ts(1482,10): error TS1005: ';' expected.
node_modules/@types/node/http2.d.ts(1484,18): error TS1005: ',' expected.
node_modules/@types/node/http2.d.ts(1485,21): error TS1005: ',' expected.
node_modules/@types/node/http2.d.ts(1485,118): error TS1109: Expression expected.
node_modules/@types/node/http2.d.ts(1486,10): error TS1005: ';' expected.
node_modules/@types/node/http2.d.ts(1487,17): error TS1005: ',' expected.
node_modules/@types/node/http2.d.ts(1487,43): error TS1005: ',' expected.
node_modules/@types/node/http2.d.ts(1487,65): error TS1109: Expression expected.
node_modules/@types/node/http2.d.ts(1487,66): error TS1005: ';' expected.
node_modules/@types/node/http2.d.ts(1489,18): error TS1005: ',' expected.
node_modules/@types/node/http2.d.ts(1490,21): error TS1005: ',' expected.
node_modules/@types/node/http2.d.ts(1490,103): error TS1109: Expression expected.
node_modules/@types/node/http2.d.ts(1491,10): error TS1005: ';' expected.
node_modules/@types/node/http2.d.ts(1492,17): error TS1005: ',' expected.
node_modules/@types/node/http2.d.ts(1492,38): error TS1005: ',' expected.
node_modules/@types/node/http2.d.ts(1492,50): error TS1109: Expression expected.
node_modules/@types/node/http2.d.ts(1492,51): error TS1005: ';' expected.
node_modules/@types/node/http2.d.ts(1493,17): error TS1005: ',' expected.
node_modules/@types/node/http2.d.ts(1493,46): error TS1005: ',' expected.
node_modules/@types/node/http2.d.ts(1493,79): error TS1109: Expression expected.
node_modules/@types/node/http2.d.ts(1493,80): error TS1005: ';' expected.
node_modules/@types/node/http2.d.ts(1494,17): error TS1005: ',' expected.
node_modules/@types/node/http2.d.ts(1494,44): error TS1005: ',' expected.
node_modules/@types/node/http2.d.ts(1494,70): error TS1109: Expression expected.
node_modules/@types/node/http2.d.ts(1494,71): error TS1005: ';' expected.
node_modules/@types/node/http2.d.ts(1496,18): error TS1005: ',' expected.
node_modules/@types/node/http2.d.ts(1497,21): error TS1005: ',' expected.
node_modules/@types/node/http2.d.ts(1497,107): error TS1109: Expression expected.
node_modules/@types/node/http2.d.ts(1498,10): error TS1005: ';' expected.
node_modules/@types/node/http2.d.ts(1500,18): error TS1005: ',' expected.
node_modules/@types/node/http2.d.ts(1501,21): error TS1005: ',' expected.
node_modules/@types/node/http2.d.ts(1501,107): error TS1109: Expression expected.
node_modules/@types/node/http2.d.ts(1502,10): error TS1005: ';' expected.
node_modules/@types/node/http2.d.ts(1504,18): error TS1005: ',' expected.
node_modules/@types/node/http2.d.ts(1505,21): error TS1005: ',' expected.
node_modules/@types/node/http2.d.ts(1505,118): error TS1109: Expression expected.
node_modules/@types/node/http2.d.ts(1506,10): error TS1005: ';' expected.
node_modules/@types/node/http2.d.ts(1507,19): error TS1005: ',' expected.
node_modules/@types/node/http2.d.ts(1507,45): error TS1005: ',' expected.
node_modules/@types/node/http2.d.ts(1507,67): error TS1109: Expression expected.
node_modules/@types/node/http2.d.ts(1507,68): error TS1005: ';' expected.
node_modules/@types/node/http2.d.ts(1509,18): error TS1005: ',' expected.
node_modules/@types/node/http2.d.ts(1510,21): error TS1005: ',' expected.
node_modules/@types/node/http2.d.ts(1510,103): error TS1109: Expression expected.
node_modules/@types/node/http2.d.ts(1511,10): error TS1005: ';' expected.
node_modules/@types/node/http2.d.ts(1512,19): error TS1005: ',' expected.
node_modules/@types/node/http2.d.ts(1512,40): error TS1005: ',' expected.
node_modules/@types/node/http2.d.ts(1512,52): error TS1109: Expression expected.
node_modules/@types/node/http2.d.ts(1512,53): error TS1005: ';' expected.
node_modules/@types/node/http2.d.ts(1513,19): error TS1005: ',' expected.
node_modules/@types/node/http2.d.ts(1513,48): error TS1005: ',' expected.
node_modules/@types/node/http2.d.ts(1513,81): error TS1109: Expression expected.
node_modules/@types/node/http2.d.ts(1513,82): error TS1005: ';' expected.
node_modules/@types/node/http2.d.ts(1514,19): error TS1005: ',' expected.
node_modules/@types/node/http2.d.ts(1514,46): error TS1005: ',' expected.
node_modules/@types/node/http2.d.ts(1514,72): error TS1109: Expression expected.
node_modules/@types/node/http2.d.ts(1514,73): error TS1005: ';' expected.
node_modules/@types/node/http2.d.ts(1516,18): error TS1005: ',' expected.
node_modules/@types/node/http2.d.ts(1517,21): error TS1005: ',' expected.
node_modules/@types/node/http2.d.ts(1517,107): error TS1109: Expression expected.
node_modules/@types/node/http2.d.ts(1518,10): error TS1005: ';' expected.
node_modules/@types/node/http2.d.ts(1520,18): error TS1005: ',' expected.
node_modules/@types/node/http2.d.ts(1521,21): error TS1005: ',' expected.
node_modules/@types/node/http2.d.ts(1521,107): error TS1109: Expression expected.
node_modules/@types/node/http2.d.ts(1522,10): error TS1005: ';' expected.
node_modules/@types/node/http2.d.ts(1524,18): error TS1005: ',' expected.
node_modules/@types/node/http2.d.ts(1525,21): error TS1005: ',' expected.
node_modules/@types/node/http2.d.ts(1525,118): error TS1109: Expression expected.
node_modules/@types/node/http2.d.ts(1526,10): error TS1005: ';' expected.
node_modules/@types/node/http2.d.ts(1527,30): error TS1005: ',' expected.
node_modules/@types/node/http2.d.ts(1527,56): error TS1005: ',' expected.
node_modules/@types/node/http2.d.ts(1527,78): error TS1109: Expression expected.
node_modules/@types/node/http2.d.ts(1527,79): error TS1005: ';' expected.
node_modules/@types/node/http2.d.ts(1529,18): error TS1005: ',' expected.
node_modules/@types/node/http2.d.ts(1530,21): error TS1005: ',' expected.
node_modules/@types/node/http2.d.ts(1530,103): error TS1109: Expression expected.
node_modules/@types/node/http2.d.ts(1531,10): error TS1005: ';' expected.
node_modules/@types/node/http2.d.ts(1532,30): error TS1005: ',' expected.
node_modules/@types/node/http2.d.ts(1532,51): error TS1005: ',' expected.
node_modules/@types/node/http2.d.ts(1532,63): error TS1109: Expression expected.
node_modules/@types/node/http2.d.ts(1532,64): error TS1005: ';' expected.
node_modules/@types/node/http2.d.ts(1533,30): error TS1005: ',' expected.
node_modules/@types/node/http2.d.ts(1533,59): error TS1005: ',' expected.
node_modules/@types/node/http2.d.ts(1533,92): error TS1109: Expression expected.
node_modules/@types/node/http2.d.ts(1533,93): error TS1005: ';' expected.
node_modules/@types/node/http2.d.ts(1534,30): error TS1005: ',' expected.
node_modules/@types/node/http2.d.ts(1534,57): error TS1005: ',' expected.
node_modules/@types/node/http2.d.ts(1534,83): error TS1109: Expression expected.
node_modules/@types/node/http2.d.ts(1534,84): error TS1005: ';' expected.
node_modules/@types/node/http2.d.ts(1536,18): error TS1005: ',' expected.
node_modules/@types/node/http2.d.ts(1537,21): error TS1005: ',' expected.
node_modules/@types/node/http2.d.ts(1537,107): error TS1109: Expression expected.
node_modules/@types/node/http2.d.ts(1538,10): error TS1005: ';' expected.
node_modules/@types/node/http2.d.ts(1540,18): error TS1005: ',' expected.
node_modules/@types/node/http2.d.ts(1541,21): error TS1005: ',' expected.
node_modules/@types/node/http2.d.ts(1541,107): error TS1109: Expression expected.
node_modules/@types/node/http2.d.ts(1542,10): error TS1005: ';' expected.
node_modules/@types/node/http2.d.ts(1544,18): error TS1005: ',' expected.
node_modules/@types/node/http2.d.ts(1545,21): error TS1005: ',' expected.
node_modules/@types/node/http2.d.ts(1545,118): error TS1109: Expression expected.
node_modules/@types/node/http2.d.ts(1546,10): error TS1005: ';' expected.
node_modules/@types/node/http2.d.ts(1547,34): error TS1005: ',' expected.
node_modules/@types/node/http2.d.ts(1547,60): error TS1005: ',' expected.
node_modules/@types/node/http2.d.ts(1547,82): error TS1109: Expression expected.
node_modules/@types/node/http2.d.ts(1547,83): error TS1005: ';' expected.
node_modules/@types/node/http2.d.ts(1549,18): error TS1005: ',' expected.
node_modules/@types/node/http2.d.ts(1550,21): error TS1005: ',' expected.
node_modules/@types/node/http2.d.ts(1550,103): error TS1109: Expression expected.
node_modules/@types/node/http2.d.ts(1551,10): error TS1005: ';' expected.
node_modules/@types/node/http2.d.ts(1552,34): error TS1005: ',' expected.
node_modules/@types/node/http2.d.ts(1552,55): error TS1005: ',' expected.
node_modules/@types/node/http2.d.ts(1552,67): error TS1109: Expression expected.
node_modules/@types/node/http2.d.ts(1552,68): error TS1005: ';' expected.
node_modules/@types/node/http2.d.ts(1553,34): error TS1005: ',' expected.
node_modules/@types/node/http2.d.ts(1553,63): error TS1005: ',' expected.
node_modules/@types/node/http2.d.ts(1553,96): error TS1109: Expression expected.
node_modules/@types/node/http2.d.ts(1553,97): error TS1005: ';' expected.
node_modules/@types/node/http2.d.ts(1554,34): error TS1005: ',' expected.
node_modules/@types/node/http2.d.ts(1554,61): error TS1005: ',' expected.
node_modules/@types/node/http2.d.ts(1554,87): error TS1109: Expression expected.
node_modules/@types/node/http2.d.ts(1554,88): error TS1005: ';' expected.
node_modules/@types/node/http2.d.ts(2493,52): error TS1005: ',' expected.
node_modules/@types/node/http2.d.ts(2493,81): error TS1109: Expression expected.
node_modules/@types/node/http2.d.ts(2495,9): error TS1109: Expression expected.
node_modules/@types/node/http2.d.ts(2495,10): error TS1109: Expression expected.
node_modules/@types/node/http2.d.ts(2496,22): error TS1005: ';' expected.
node_modules/@types/node/http2.d.ts(2496,56): error TS1005: ';' expected.
node_modules/@types/node/http2.d.ts(2497,23): error TS1005: ';' expected.
node_modules/@types/node/http2.d.ts(2497,86): error TS1109: Expression expected.
node_modules/@types/node/http2.d.ts(2499,9): error TS1109: Expression expected.
node_modules/@types/node/http2.d.ts(2499,10): error TS1109: Expression expected.
node_modules/@types/node/http2.d.ts(2500,5): error TS1109: Expression expected.
node_modules/@types/node/http2.d.ts(2501,16): error TS1005: ')' expected.
node_modules/@types/node/http2.d.ts(2501,89): error TS1109: Expression expected.
node_modules/@types/node/http2.d.ts(2502,26): error TS1109: Expression expected.
node_modules/@types/node/http2.d.ts(2502,112): error TS1109: Expression expected.
node_modules/@types/node/http2.d.ts(2503,5): error TS1109: Expression expected.
node_modules/@types/node/http2.d.ts(2503,6): error TS1128: Declaration or statement expected.
node_modules/@types/node/http2.d.ts(2503,77): error TS1005: '(' expected.
node_modules/@types/node/http2.d.ts(2537,52): error TS1005: ',' expected.
node_modules/@types/node/http2.d.ts(2537,81): error TS1109: Expression expected.
node_modules/@types/node/http2.d.ts(2539,9): error TS1109: Expression expected.
node_modules/@types/node/http2.d.ts(2539,10): error TS1109: Expression expected.
node_modules/@types/node/http2.d.ts(2540,22): error TS1005: ';' expected.
node_modules/@types/node/http2.d.ts(2540,56): error TS1005: ';' expected.
node_modules/@types/node/http2.d.ts(2541,23): error TS1005: ';' expected.
node_modules/@types/node/http2.d.ts(2541,86): error TS1109: Expression expected.
node_modules/@types/node/http2.d.ts(2543,9): error TS1109: Expression expected.
node_modules/@types/node/http2.d.ts(2543,10): error TS1109: Expression expected.
node_modules/@types/node/http2.d.ts(2544,5): error TS1109: Expression expected.
node_modules/@types/node/http2.d.ts(2545,16): error TS1005: ')' expected.
node_modules/@types/node/http2.d.ts(2545,95): error TS1109: Expression expected.
node_modules/@types/node/http2.d.ts(2546,26): error TS1109: Expression expected.
node_modules/@types/node/http2.d.ts(2546,112): error TS1109: Expression expected.
node_modules/@types/node/http2.d.ts(2547,5): error TS1109: Expression expected.
node_modules/@types/node/http2.d.ts(2547,6): error TS1128: Declaration or statement expected.
node_modules/@types/node/http2.d.ts(2547,83): error TS1005: '(' expected.
node_modules/@types/node/http2.d.ts(2581,52): error TS1005: ',' expected.
node_modules/@types/node/http2.d.ts(2581,81): error TS1109: Expression expected.
node_modules/@types/node/http2.d.ts(2583,9): error TS1109: Expression expected.
node_modules/@types/node/http2.d.ts(2583,10): error TS1109: Expression expected.
node_modules/@types/node/http2.d.ts(2584,22): error TS1005: ';' expected.
node_modules/@types/node/http2.d.ts(2584,56): error TS1005: ';' expected.
node_modules/@types/node/http2.d.ts(2585,23): error TS1005: ';' expected.
node_modules/@types/node/http2.d.ts(2585,86): error TS1109: Expression expected.
node_modules/@types/node/http2.d.ts(2587,9): error TS1109: Expression expected.
node_modules/@types/node/http2.d.ts(2587,10): error TS1109: Expression expected.
node_modules/@types/node/http2.d.ts(2588,5): error TS1109: Expression expected.
node_modules/@types/node/http2.d.ts(2589,15): error TS1005: ')' expected.
node_modules/@types/node/http2.d.ts(2590,17): error TS1109: Expression expected.
node_modules/@types/node/http2.d.ts(2590,90): error TS1109: Expression expected.
node_modules/@types/node/http2.d.ts(2591,5): error TS1109: Expression expected.
node_modules/@types/node/http2.d.ts(2591,6): error TS1128: Declaration or statement expected.
node_modules/@types/node/http2.d.ts(2591,84): error TS1005: '(' expected.
node_modules/@types/node/https.d.ts(13,52): error TS1005: ',' expected.
node_modules/@types/node/https.d.ts(13,65): error TS1005: ',' expected.
node_modules/@types/node/https.d.ts(13,74): error TS1005: '(' expected.
node_modules/@types/node/https.d.ts(13,76): error TS1109: Expression expected.
node_modules/@types/node/https.d.ts(15,9): error TS1109: Expression expected.
node_modules/@types/node/https.d.ts(15,10): error TS1109: Expression expected.
node_modules/@types/node/https.d.ts(16,5): error TS1109: Expression expected.
node_modules/@types/node/https.d.ts(16,7): error TS1109: Expression expected.
node_modules/@types/node/https.d.ts(16,90): error TS1005: '(' expected.
node_modules/@types/node/https.d.ts(39,52): error TS1005: ',' expected.
node_modules/@types/node/https.d.ts(39,76): error TS1109: Expression expected.
node_modules/@types/node/https.d.ts(41,9): error TS1109: Expression expected.
node_modules/@types/node/https.d.ts(41,10): error TS1109: Expression expected.
node_modules/@types/node/https.d.ts(42,5): error TS1109: Expression expected.
node_modules/@types/node/https.d.ts(42,7): error TS1109: Expression expected.
node_modules/@types/node/https.d.ts(49,52): error TS1005: ',' expected.
node_modules/@types/node/https.d.ts(49,76): error TS1109: Expression expected.
node_modules/@types/node/https.d.ts(51,9): error TS1109: Expression expected.
node_modules/@types/node/https.d.ts(51,10): error TS1109: Expression expected.
node_modules/@types/node/https.d.ts(52,5): error TS1109: Expression expected.
node_modules/@types/node/https.d.ts(52,7): error TS1109: Expression expected.
node_modules/@types/node/https.d.ts(52,26): error TS1005: ';' expected.
node_modules/@types/node/https.d.ts(53,37): error TS1109: Expression expected.
node_modules/@types/node/https.d.ts(53,78): error TS1005: '(' expected.
node_modules/@types/node/https.d.ts(53,79): error TS1005: ')' expected.
node_modules/@types/node/https.d.ts(55,20): error TS1005: ',' expected.
node_modules/@types/node/https.d.ts(55,54): error TS1109: Expression expected.
node_modules/@types/node/https.d.ts(56,29): error TS1109: Expression expected.
node_modules/@types/node/https.d.ts(56,70): error TS1109: Expression expected.
node_modules/@types/node/https.d.ts(62,30): error TS1005: ';' expected.
node_modules/@types/node/https.d.ts(62,36): error TS1109: Expression expected.
node_modules/@types/node/https.d.ts(67,31): error TS1005: ';' expected.
node_modules/@types/node/https.d.ts(67,37): error TS1109: Expression expected.
node_modules/@types/node/https.d.ts(68,26): error TS1005: ',' expected.
node_modules/@types/node/https.d.ts(68,44): error TS1005: ',' expected.
node_modules/@types/node/https.d.ts(68,70): error TS1109: Expression expected.
node_modules/@types/node/https.d.ts(68,71): error TS1005: ';' expected.
node_modules/@types/node/https.d.ts(69,26): error TS1005: ',' expected.
node_modules/@types/node/https.d.ts(69,46): error TS1005: ',' expected.
node_modules/@types/node/https.d.ts(69,96): error TS1109: Expression expected.
node_modules/@types/node/https.d.ts(69,97): error TS1005: ';' expected.
node_modules/@types/node/https.d.ts(71,18): error TS1005: ',' expected.
node_modules/@types/node/https.d.ts(72,21): error TS1005: ',' expected.
node_modules/@types/node/https.d.ts(72,117): error TS1109: Expression expected.
node_modules/@types/node/https.d.ts(73,10): error TS1005: ';' expected.
node_modules/@types/node/https.d.ts(75,18): error TS1005: ',' expected.
node_modules/@types/node/https.d.ts(76,21): error TS1005: ',' expected.
node_modules/@types/node/https.d.ts(80,22): error TS1109: Expression expected.
node_modules/@types/node/https.d.ts(81,10): error TS1005: ';' expected.
node_modules/@types/node/https.d.ts(83,18): error TS1005: ',' expected.
node_modules/@types/node/https.d.ts(84,21): error TS1005: ',' expected.
node_modules/@types/node/https.d.ts(84,103): error TS1109: Expression expected.
node_modules/@types/node/https.d.ts(85,10): error TS1005: ';' expected.
node_modules/@types/node/https.d.ts(86,26): error TS1005: ',' expected.
node_modules/@types/node/https.d.ts(86,56): error TS1005: ',' expected.
node_modules/@types/node/https.d.ts(86,92): error TS1109: Expression expected.
node_modules/@types/node/https.d.ts(86,93): error TS1005: ';' expected.
node_modules/@types/node/https.d.ts(87,26): error TS1005: ',' expected.
node_modules/@types/node/https.d.ts(87,54): error TS1005: ',' expected.
node_modules/@types/node/https.d.ts(87,102): error TS1109: Expression expected.
node_modules/@types/node/https.d.ts(87,103): error TS1005: ';' expected.
node_modules/@types/node/https.d.ts(88,26): error TS1005: ',' expected.
node_modules/@types/node/https.d.ts(88,45): error TS1005: ',' expected.
node_modules/@types/node/https.d.ts(88,57): error TS1109: Expression expected.
node_modules/@types/node/https.d.ts(88,58): error TS1005: ';' expected.
node_modules/@types/node/https.d.ts(89,26): error TS1005: ',' expected.
node_modules/@types/node/https.d.ts(89,50): error TS1005: ',' expected.
node_modules/@types/node/https.d.ts(89,76): error TS1109: Expression expected.
node_modules/@types/node/https.d.ts(89,77): error TS1005: ';' expected.
node_modules/@types/node/https.d.ts(90,26): error TS1005: ',' expected.
node_modules/@types/node/https.d.ts(90,45): error TS1005: ',' expected.
node_modules/@types/node/https.d.ts(90,67): error TS1109: Expression expected.
node_modules/@types/node/https.d.ts(90,68): error TS1005: ';' expected.
node_modules/@types/node/https.d.ts(91,26): error TS1005: ',' expected.
node_modules/@types/node/https.d.ts(91,49): error TS1005: ',' expected.
node_modules/@types/node/https.d.ts(91,61): error TS1109: Expression expected.
node_modules/@types/node/https.d.ts(91,62): error TS1005: ';' expected.
node_modules/@types/node/https.d.ts(92,26): error TS1005: ',' expected.
node_modules/@types/node/https.d.ts(92,53): error TS1005: ',' expected.
node_modules/@types/node/https.d.ts(92,94): error TS1005: '(' expected.
node_modules/@types/node/https.d.ts(92,95): error TS1005: ',' expected.
node_modules/@types/node/https.d.ts(92,101): error TS1005: ')' expected.
node_modules/@types/node/https.d.ts(93,26): error TS1005: ',' expected.
node_modules/@types/node/https.d.ts(93,56): error TS1005: ',' expected.
node_modules/@types/node/https.d.ts(93,97): error TS1005: '(' expected.
node_modules/@types/node/https.d.ts(93,98): error TS1005: ',' expected.
node_modules/@types/node/https.d.ts(93,104): error TS1005: ')' expected.
node_modules/@types/node/https.d.ts(94,26): error TS1005: ',' expected.
node_modules/@types/node/https.d.ts(94,51): error TS1005: ',' expected.
node_modules/@types/node/https.d.ts(94,89): error TS1109: Expression expected.
node_modules/@types/node/https.d.ts(94,90): error TS1005: ';' expected.
node_modules/@types/node/https.d.ts(96,18): error TS1005: ',' expected.
node_modules/@types/node/https.d.ts(97,21): error TS1005: ',' expected.
node_modules/@types/node/https.d.ts(97,89): error TS1109: Expression expected.
node_modules/@types/node/https.d.ts(98,10): error TS1005: ';' expected.
node_modules/@types/node/https.d.ts(99,26): error TS1005: ',' expected.
node_modules/@types/node/https.d.ts(99,47): error TS1005: ',' expected.
node_modules/@types/node/https.d.ts(99,88): error TS1005: '(' expected.
node_modules/@types/node/https.d.ts(99,89): error TS1005: ',' expected.
node_modules/@types/node/https.d.ts(99,95): error TS1005: ')' expected.
node_modules/@types/node/https.d.ts(101,18): error TS1005: ',' expected.
node_modules/@types/node/https.d.ts(102,21): error TS1005: ',' expected.
node_modules/@types/node/https.d.ts(102,89): error TS1109: Expression expected.
node_modules/@types/node/https.d.ts(103,10): error TS1005: ';' expected.
node_modules/@types/node/https.d.ts(104,19): error TS1005: ',' expected.
node_modules/@types/node/https.d.ts(104,36): error TS1005: ',' expected.
node_modules/@types/node/https.d.ts(104,42): error TS1011: An element access expression should take an argument.
node_modules/@types/node/https.d.ts(104,44): error TS1005: ';' expected.
node_modules/@types/node/https.d.ts(105,19): error TS1005: ',' expected.
node_modules/@types/node/https.d.ts(105,35): error TS1005: ',' expected.
node_modules/@types/node/https.d.ts(105,54): error TS1005: ',' expected.
node_modules/@types/node/https.d.ts(105,70): error TS1005: ';' expected.
node_modules/@types/node/https.d.ts(107,18): error TS1005: ',' expected.
node_modules/@types/node/https.d.ts(108,22): error TS1005: ',' expected.
node_modules/@types/node/https.d.ts(109,24): error TS1005: ',' expected.
node_modules/@types/node/https.d.ts(110,21): error TS1005: ',' expected.
node_modules/@types/node/https.d.ts(110,57): error TS1109: Expression expected.
node_modules/@types/node/https.d.ts(111,10): error TS1005: ';' expected.
node_modules/@types/node/https.d.ts(113,18): error TS1005: ',' expected.
node_modules/@types/node/https.d.ts(114,24): error TS1005: ',' expected.
node_modules/@types/node/https.d.ts(115,19): error TS1005: ',' expected.
node_modules/@types/node/https.d.ts(116,21): error TS1005: ',' expected.
node_modules/@types/node/https.d.ts(116,64): error TS1109: Expression expected.
node_modules/@types/node/https.d.ts(117,10): error TS1005: ';' expected.
node_modules/@types/node/https.d.ts(118,19): error TS1005: ',' expected.
node_modules/@types/node/https.d.ts(118,47): error TS1005: ',' expected.
node_modules/@types/node/https.d.ts(118,65): error TS1005: ',' expected.
node_modules/@types/node/https.d.ts(118,108): error TS1109: Expression expected.
node_modules/@types/node/https.d.ts(118,109): error TS1005: ';' expected.
node_modules/@types/node/https.d.ts(119,19): error TS1005: ',' expected.
node_modules/@types/node/https.d.ts(119,50): error TS1005: ',' expected.
node_modules/@types/node/https.d.ts(119,66): error TS1005: ';' expected.
node_modules/@types/node/https.d.ts(120,19): error TS1005: ',' expected.
node_modules/@types/node/https.d.ts(120,42): error TS1005: ',' expected.
node_modules/@types/node/https.d.ts(120,60): error TS1005: ',' expected.
node_modules/@types/node/https.d.ts(120,76): error TS1005: ';' expected.
node_modules/@types/node/https.d.ts(121,19): error TS1005: ',' expected.
node_modules/@types/node/https.d.ts(121,29): error TS1005: ';' expected.
node_modules/@types/node/https.d.ts(122,19): error TS1005: ',' expected.
node_modules/@types/node/https.d.ts(122,41): error TS1005: ',' expected.
node_modules/@types/node/https.d.ts(122,50): error TS1005: ';' expected.
node_modules/@types/node/https.d.ts(123,19): error TS1005: ',' expected.
node_modules/@types/node/https.d.ts(123,33): error TS1005: ',' expected.
node_modules/@types/node/https.d.ts(123,41): error TS1005: ';' expected.
node_modules/@types/node/https.d.ts(124,19): error TS1005: ',' expected.
node_modules/@types/node/https.d.ts(124,33): error TS1005: ';' expected.
node_modules/@types/node/https.d.ts(126,18): error TS1005: ',' expected.
node_modules/@types/node/https.d.ts(127,16): error TS1005: ',' expected.
node_modules/@types/node/https.d.ts(127,39): error TS1109: Expression expected.
node_modules/@types/node/https.d.ts(128,16): error TS1005: ',' expected.
node_modules/@types/node/https.d.ts(128,40): error TS1109: Expression expected.
node_modules/@types/node/https.d.ts(129,10): error TS1005: ';' expected.
node_modules/@types/node/https.d.ts(131,18): error TS1005: ',' expected.
node_modules/@types/node/https.d.ts(132,16): error TS1005: ',' expected.
node_modules/@types/node/https.d.ts(132,39): error TS1109: Expression expected.
node_modules/@types/node/https.d.ts(133,16): error TS1005: ',' expected.
node_modules/@types/node/https.d.ts(133,40): error TS1109: Expression expected.
node_modules/@types/node/https.d.ts(134,10): error TS1005: ';' expected.
node_modules/@types/node/https.d.ts(135,19): error TS1005: ',' expected.
node_modules/@types/node/https.d.ts(135,39): error TS1005: ',' expected.
node_modules/@types/node/https.d.ts(135,54): error TS1005: ',' expected.
node_modules/@types/node/https.d.ts(135,63): error TS1005: ';' expected.
node_modules/@types/node/https.d.ts(136,19): error TS1005: ',' expected.
node_modules/@types/node/https.d.ts(136,35): error TS1005: ',' expected.
node_modules/@types/node/https.d.ts(136,58): error TS1109: Expression expected.
node_modules/@types/node/https.d.ts(136,66): error TS1005: ',' expected.
node_modules/@types/node/https.d.ts(136,80): error TS1005: ',' expected.
node_modules/@types/node/https.d.ts(136,89): error TS1005: ';' expected.
node_modules/@types/node/https.d.ts(138,18): error TS1005: ',' expected.
node_modules/@types/node/https.d.ts(139,16): error TS1005: ',' expected.
node_modules/@types/node/https.d.ts(139,39): error TS1109: Expression expected.
node_modules/@types/node/https.d.ts(140,16): error TS1005: ',' expected.
node_modules/@types/node/https.d.ts(140,40): error TS1109: Expression expected.
node_modules/@types/node/https.d.ts(141,10): error TS1005: ';' expected.
node_modules/@types/node/https.d.ts(142,19): error TS1005: ',' expected.
node_modules/@types/node/https.d.ts(142,35): error TS1005: ',' expected.
node_modules/@types/node/https.d.ts(142,58): error TS1109: Expression expected.
node_modules/@types/node/https.d.ts(142,66): error TS1005: ',' expected.
node_modules/@types/node/https.d.ts(142,80): error TS1005: ',' expected.
node_modules/@types/node/https.d.ts(142,89): error TS1005: ';' expected.
node_modules/@types/node/https.d.ts(143,17): error TS1005: ',' expected.
node_modules/@types/node/https.d.ts(143,35): error TS1005: ',' expected.
node_modules/@types/node/https.d.ts(143,61): error TS1109: Expression expected.
node_modules/@types/node/https.d.ts(143,62): error TS1005: ';' expected.
node_modules/@types/node/https.d.ts(144,17): error TS1005: ',' expected.
node_modules/@types/node/https.d.ts(144,37): error TS1005: ',' expected.
node_modules/@types/node/https.d.ts(144,87): error TS1109: Expression expected.
node_modules/@types/node/https.d.ts(144,88): error TS1005: ';' expected.
node_modules/@types/node/https.d.ts(146,18): error TS1005: ',' expected.
node_modules/@types/node/https.d.ts(147,21): error TS1005: ',' expected.
node_modules/@types/node/https.d.ts(147,117): error TS1109: Expression expected.
node_modules/@types/node/https.d.ts(148,10): error TS1005: ';' expected.
node_modules/@types/node/https.d.ts(150,18): error TS1005: ',' expected.
node_modules/@types/node/https.d.ts(151,21): error TS1005: ',' expected.
node_modules/@types/node/https.d.ts(155,22): error TS1109: Expression expected.
node_modules/@types/node/https.d.ts(156,10): error TS1005: ';' expected.
node_modules/@types/node/https.d.ts(158,18): error TS1005: ',' expected.
node_modules/@types/node/https.d.ts(159,21): error TS1005: ',' expected.
node_modules/@types/node/https.d.ts(159,103): error TS1109: Expression expected.
node_modules/@types/node/https.d.ts(160,10): error TS1005: ';' expected.
node_modules/@types/node/https.d.ts(161,17): error TS1005: ',' expected.
node_modules/@types/node/https.d.ts(161,47): error TS1005: ',' expected.
node_modules/@types/node/https.d.ts(161,83): error TS1109: Expression expected.
node_modules/@types/node/https.d.ts(161,84): error TS1005: ';' expected.
node_modules/@types/node/https.d.ts(162,17): error TS1005: ',' expected.
node_modules/@types/node/https.d.ts(162,45): error TS1005: ',' expected.
node_modules/@types/node/https.d.ts(162,93): error TS1109: Expression expected.
node_modules/@types/node/https.d.ts(162,94): error TS1005: ';' expected.
node_modules/@types/node/https.d.ts(163,17): error TS1005: ',' expected.
node_modules/@types/node/https.d.ts(163,36): error TS1005: ',' expected.
node_modules/@types/node/https.d.ts(163,48): error TS1109: Expression expected.
node_modules/@types/node/https.d.ts(163,49): error TS1005: ';' expected.
node_modules/@types/node/https.d.ts(164,17): error TS1005: ',' expected.
node_modules/@types/node/https.d.ts(164,41): error TS1005: ',' expected.
node_modules/@types/node/https.d.ts(164,67): error TS1109: Expression expected.
node_modules/@types/node/https.d.ts(164,68): error TS1005: ';' expected.
node_modules/@types/node/https.d.ts(165,17): error TS1005: ',' expected.
node_modules/@types/node/https.d.ts(165,36): error TS1005: ',' expected.
node_modules/@types/node/https.d.ts(165,58): error TS1109: Expression expected.
node_modules/@types/node/https.d.ts(165,59): error TS1005: ';' expected.
node_modules/@types/node/https.d.ts(166,17): error TS1005: ',' expected.
node_modules/@types/node/https.d.ts(166,40): error TS1005: ',' expected.
node_modules/@types/node/https.d.ts(166,52): error TS1109: Expression expected.
node_modules/@types/node/https.d.ts(166,53): error TS1005: ';' expected.
node_modules/@types/node/https.d.ts(167,17): error TS1005: ',' expected.
node_modules/@types/node/https.d.ts(167,44): error TS1005: ',' expected.
node_modules/@types/node/https.d.ts(167,85): error TS1005: '(' expected.
node_modules/@types/node/https.d.ts(167,86): error TS1005: ',' expected.
node_modules/@types/node/https.d.ts(167,92): error TS1005: ')' expected.
node_modules/@types/node/https.d.ts(168,17): error TS1005: ',' expected.
node_modules/@types/node/https.d.ts(168,47): error TS1005: ',' expected.
node_modules/@types/node/https.d.ts(168,88): error TS1005: '(' expected.
node_modules/@types/node/https.d.ts(168,89): error TS1005: ',' expected.
node_modules/@types/node/https.d.ts(168,95): error TS1005: ')' expected.
node_modules/@types/node/https.d.ts(169,17): error TS1005: ',' expected.
node_modules/@types/node/https.d.ts(169,42): error TS1005: ',' expected.
node_modules/@types/node/https.d.ts(169,80): error TS1109: Expression expected.
node_modules/@types/node/https.d.ts(169,81): error TS1005: ';' expected.
node_modules/@types/node/https.d.ts(170,17): error TS1005: ',' expected.
node_modules/@types/node/https.d.ts(170,38): error TS1005: ',' expected.
node_modules/@types/node/https.d.ts(170,106): error TS1109: Expression expected.
node_modules/@types/node/https.d.ts(170,107): error TS1005: ';' expected.
node_modules/@types/node/https.d.ts(171,17): error TS1005: ',' expected.
node_modules/@types/node/https.d.ts(171,38): error TS1005: ',' expected.
node_modules/@types/node/https.d.ts(171,79): error TS1005: '(' expected.
node_modules/@types/node/https.d.ts(171,80): error TS1005: ',' expected.
node_modules/@types/node/https.d.ts(171,86): error TS1005: ')' expected.
node_modules/@types/node/https.d.ts(172,17): error TS1005: ',' expected.
node_modules/@types/node/https.d.ts(172,38): error TS1005: ',' expected.
node_modules/@types/node/https.d.ts(172,106): error TS1109: Expression expected.
node_modules/@types/node/https.d.ts(172,107): error TS1005: ';' expected.
node_modules/@types/node/https.d.ts(173,19): error TS1005: ',' expected.
node_modules/@types/node/https.d.ts(173,37): error TS1005: ',' expected.
node_modules/@types/node/https.d.ts(173,63): error TS1109: Expression expected.
node_modules/@types/node/https.d.ts(173,64): error TS1005: ';' expected.
node_modules/@types/node/https.d.ts(174,19): error TS1005: ',' expected.
node_modules/@types/node/https.d.ts(174,39): error TS1005: ',' expected.
node_modules/@types/node/https.d.ts(174,89): error TS1109: Expression expected.
node_modules/@types/node/https.d.ts(174,90): error TS1005: ';' expected.
node_modules/@types/node/https.d.ts(176,18): error TS1005: ',' expected.
node_modules/@types/node/https.d.ts(177,21): error TS1005: ',' expected.
node_modules/@types/node/https.d.ts(177,117): error TS1109: Expression expected.
node_modules/@types/node/https.d.ts(178,10): error TS1005: ';' expected.
node_modules/@types/node/https.d.ts(180,18): error TS1005: ',' expected.
node_modules/@types/node/https.d.ts(181,21): error TS1005: ',' expected.
node_modules/@types/node/https.d.ts(185,22): error TS1109: Expression expected.
node_modules/@types/node/https.d.ts(186,10): error TS1005: ';' expected.
node_modules/@types/node/https.d.ts(188,18): error TS1005: ',' expected.
node_modules/@types/node/https.d.ts(189,21): error TS1005: ',' expected.
node_modules/@types/node/https.d.ts(189,103): error TS1109: Expression expected.
node_modules/@types/node/https.d.ts(190,10): error TS1005: ';' expected.
node_modules/@types/node/https.d.ts(191,19): error TS1005: ',' expected.
node_modules/@types/node/https.d.ts(191,49): error TS1005: ',' expected.
node_modules/@types/node/https.d.ts(191,85): error TS1109: Expression expected.
node_modules/@types/node/https.d.ts(191,86): error TS1005: ';' expected.
node_modules/@types/node/https.d.ts(192,19): error TS1005: ',' expected.
node_modules/@types/node/https.d.ts(192,47): error TS1005: ',' expected.
node_modules/@types/node/https.d.ts(192,95): error TS1109: Expression expected.
node_modules/@types/node/https.d.ts(192,96): error TS1005: ';' expected.
node_modules/@types/node/https.d.ts(193,19): error TS1005: ',' expected.
node_modules/@types/node/https.d.ts(193,38): error TS1005: ',' expected.
node_modules/@types/node/https.d.ts(193,50): error TS1109: Expression expected.
node_modules/@types/node/https.d.ts(193,51): error TS1005: ';' expected.
node_modules/@types/node/https.d.ts(194,19): error TS1005: ',' expected.
node_modules/@types/node/https.d.ts(194,43): error TS1005: ',' expected.
node_modules/@types/node/https.d.ts(194,69): error TS1109: Expression expected.
node_modules/@types/node/https.d.ts(194,70): error TS1005: ';' expected.
node_modules/@types/node/https.d.ts(195,19): error TS1005: ',' expected.
node_modules/@types/node/https.d.ts(195,38): error TS1005: ',' expected.
node_modules/@types/node/https.d.ts(195,60): error TS1109: Expression expected.
node_modules/@types/node/https.d.ts(195,61): error TS1005: ';' expected.
node_modules/@types/node/https.d.ts(196,19): error TS1005: ',' expected.
node_modules/@types/node/https.d.ts(196,42): error TS1005: ',' expected.
node_modules/@types/node/https.d.ts(196,54): error TS1109: Expression expected.
node_modules/@types/node/https.d.ts(196,55): error TS1005: ';' expected.
node_modules/@types/node/https.d.ts(197,19): error TS1005: ',' expected.
node_modules/@types/node/https.d.ts(197,46): error TS1005: ',' expected.
node_modules/@types/node/https.d.ts(197,87): error TS1005: '(' expected.
node_modules/@types/node/https.d.ts(197,88): error TS1005: ',' expected.
node_modules/@types/node/https.d.ts(197,94): error TS1005: ')' expected.
node_modules/@types/node/https.d.ts(198,19): error TS1005: ',' expected.
node_modules/@types/node/https.d.ts(198,49): error TS1005: ',' expected.
node_modules/@types/node/https.d.ts(198,90): error TS1005: '(' expected.
node_modules/@types/node/https.d.ts(198,91): error TS1005: ',' expected.
node_modules/@types/node/https.d.ts(198,97): error TS1005: ')' expected.
node_modules/@types/node/https.d.ts(199,19): error TS1005: ',' expected.
node_modules/@types/node/https.d.ts(199,44): error TS1005: ',' expected.
node_modules/@types/node/https.d.ts(199,82): error TS1109: Expression expected.
node_modules/@types/node/https.d.ts(199,83): error TS1005: ';' expected.
node_modules/@types/node/https.d.ts(200,19): error TS1005: ',' expected.
node_modules/@types/node/https.d.ts(200,40): error TS1005: ',' expected.
node_modules/@types/node/https.d.ts(200,108): error TS1109: Expression expected.
node_modules/@types/node/https.d.ts(200,109): error TS1005: ';' expected.
node_modules/@types/node/https.d.ts(201,19): error TS1005: ',' expected.
node_modules/@types/node/https.d.ts(201,40): error TS1005: ',' expected.
node_modules/@types/node/https.d.ts(201,81): error TS1005: '(' expected.
node_modules/@types/node/https.d.ts(201,82): error TS1005: ',' expected.
node_modules/@types/node/https.d.ts(201,88): error TS1005: ')' expected.
node_modules/@types/node/https.d.ts(202,19): error TS1005: ',' expected.
node_modules/@types/node/https.d.ts(202,40): error TS1005: ',' expected.
node_modules/@types/node/https.d.ts(202,108): error TS1109: Expression expected.
node_modules/@types/node/https.d.ts(202,109): error TS1005: ';' expected.
node_modules/@types/node/https.d.ts(203,30): error TS1005: ',' expected.
node_modules/@types/node/https.d.ts(203,48): error TS1005: ',' expected.
node_modules/@types/node/https.d.ts(203,74): error TS1109: Expression expected.
node_modules/@types/node/https.d.ts(203,75): error TS1005: ';' expected.
node_modules/@types/node/https.d.ts(204,30): error TS1005: ',' expected.
node_modules/@types/node/https.d.ts(204,50): error TS1005: ',' expected.
node_modules/@types/node/https.d.ts(204,100): error TS1109: Expression expected.
node_modules/@types/node/https.d.ts(204,101): error TS1005: ';' expected.
node_modules/@types/node/https.d.ts(206,18): error TS1005: ',' expected.
node_modules/@types/node/https.d.ts(207,21): error TS1005: ',' expected.
node_modules/@types/node/https.d.ts(207,117): error TS1109: Expression expected.
node_modules/@types/node/https.d.ts(208,10): error TS1005: ';' expected.
node_modules/@types/node/https.d.ts(210,18): error TS1005: ',' expected.
node_modules/@types/node/https.d.ts(211,21): error TS1005: ',' expected.
node_modules/@types/node/https.d.ts(215,22): error TS1109: Expression expected.
node_modules/@types/node/https.d.ts(216,10): error TS1005: ';' expected.
node_modules/@types/node/https.d.ts(218,18): error TS1005: ',' expected.
node_modules/@types/node/https.d.ts(219,21): error TS1005: ',' expected.
node_modules/@types/node/https.d.ts(219,103): error TS1109: Expression expected.
node_modules/@types/node/https.d.ts(220,10): error TS1005: ';' expected.
node_modules/@types/node/https.d.ts(221,30): error TS1005: ',' expected.
node_modules/@types/node/https.d.ts(221,60): error TS1005: ',' expected.
node_modules/@types/node/https.d.ts(221,96): error TS1109: Expression expected.
node_modules/@types/node/https.d.ts(221,97): error TS1005: ';' expected.
node_modules/@types/node/https.d.ts(222,30): error TS1005: ',' expected.
node_modules/@types/node/https.d.ts(222,58): error TS1005: ',' expected.
node_modules/@types/node/https.d.ts(222,106): error TS1109: Expression expected.
node_modules/@types/node/https.d.ts(222,107): error TS1005: ';' expected.
node_modules/@types/node/https.d.ts(223,30): error TS1005: ',' expected.
node_modules/@types/node/https.d.ts(223,49): error TS1005: ',' expected.
node_modules/@types/node/https.d.ts(223,61): error TS1109: Expression expected.
node_modules/@types/node/https.d.ts(223,62): error TS1005: ';' expected.
node_modules/@types/node/https.d.ts(224,30): error TS1005: ',' expected.
node_modules/@types/node/https.d.ts(224,54): error TS1005: ',' expected.
node_modules/@types/node/https.d.ts(224,80): error TS1109: Expression expected.
node_modules/@types/node/https.d.ts(224,81): error TS1005: ';' expected.
node_modules/@types/node/https.d.ts(225,30): error TS1005: ',' expected.
node_modules/@types/node/https.d.ts(225,49): error TS1005: ',' expected.
node_modules/@types/node/https.d.ts(225,71): error TS1109: Expression expected.
node_modules/@types/node/https.d.ts(225,72): error TS1005: ';' expected.
node_modules/@types/node/https.d.ts(226,30): error TS1005: ',' expected.
node_modules/@types/node/https.d.ts(226,53): error TS1005: ',' expected.
node_modules/@types/node/https.d.ts(226,65): error TS1109: Expression expected.
node_modules/@types/node/https.d.ts(226,66): error TS1005: ';' expected.
node_modules/@types/node/https.d.ts(227,30): error TS1005: ',' expected.
node_modules/@types/node/https.d.ts(227,57): error TS1005: ',' expected.
node_modules/@types/node/https.d.ts(227,98): error TS1005: '(' expected.
node_modules/@types/node/https.d.ts(227,99): error TS1005: ',' expected.
node_modules/@types/node/https.d.ts(227,105): error TS1005: ')' expected.
node_modules/@types/node/https.d.ts(228,30): error TS1005: ',' expected.
node_modules/@types/node/https.d.ts(228,60): error TS1005: ',' expected.
node_modules/@types/node/https.d.ts(228,101): error TS1005: '(' expected.
node_modules/@types/node/https.d.ts(228,102): error TS1005: ',' expected.
node_modules/@types/node/https.d.ts(228,108): error TS1005: ')' expected.
node_modules/@types/node/https.d.ts(229,30): error TS1005: ',' expected.
node_modules/@types/node/https.d.ts(229,55): error TS1005: ',' expected.
node_modules/@types/node/https.d.ts(229,93): error TS1109: Expression expected.
node_modules/@types/node/https.d.ts(229,94): error TS1005: ';' expected.
node_modules/@types/node/https.d.ts(231,18): error TS1005: ',' expected.
node_modules/@types/node/https.d.ts(232,21): error TS1005: ',' expected.
node_modules/@types/node/https.d.ts(232,89): error TS1109: Expression expected.
node_modules/@types/node/https.d.ts(233,10): error TS1005: ';' expected.
node_modules/@types/node/https.d.ts(234,30): error TS1005: ',' expected.
node_modules/@types/node/https.d.ts(234,51): error TS1005: ',' expected.
node_modules/@types/node/https.d.ts(234,92): error TS1005: '(' expected.
node_modules/@types/node/https.d.ts(234,93): error TS1005: ',' expected.
node_modules/@types/node/https.d.ts(234,99): error TS1005: ')' expected.
node_modules/@types/node/https.d.ts(236,18): error TS1005: ',' expected.
node_modules/@types/node/https.d.ts(237,21): error TS1005: ',' expected.
node_modules/@types/node/https.d.ts(237,89): error TS1109: Expression expected.
node_modules/@types/node/https.d.ts(238,10): error TS1005: ';' expected.
node_modules/@types/node/https.d.ts(239,34): error TS1005: ',' expected.
node_modules/@types/node/https.d.ts(239,52): error TS1005: ',' expected.
node_modules/@types/node/https.d.ts(239,78): error TS1109: Expression expected.
node_modules/@types/node/https.d.ts(239,79): error TS1005: ';' expected.
node_modules/@types/node/https.d.ts(240,34): error TS1005: ',' expected.
node_modules/@types/node/https.d.ts(240,54): error TS1005: ',' expected.
node_modules/@types/node/https.d.ts(240,104): error TS1109: Expression expected.
node_modules/@types/node/https.d.ts(240,105): error TS1005: ';' expected.
node_modules/@types/node/https.d.ts(242,18): error TS1005: ',' expected.
node_modules/@types/node/https.d.ts(243,21): error TS1005: ',' expected.
node_modules/@types/node/https.d.ts(243,117): error TS1109: Expression expected.
node_modules/@types/node/https.d.ts(244,10): error TS1005: ';' expected.
node_modules/@types/node/https.d.ts(246,18): error TS1005: ',' expected.
node_modules/@types/node/https.d.ts(247,21): error TS1005: ',' expected.
node_modules/@types/node/https.d.ts(251,22): error TS1109: Expression expected.
node_modules/@types/node/https.d.ts(252,10): error TS1005: ';' expected.
node_modules/@types/node/https.d.ts(254,18): error TS1005: ',' expected.
node_modules/@types/node/https.d.ts(255,21): error TS1005: ',' expected.
node_modules/@types/node/https.d.ts(255,103): error TS1109: Expression expected.
node_modules/@types/node/https.d.ts(256,10): error TS1005: ';' expected.
node_modules/@types/node/https.d.ts(257,34): error TS1005: ',' expected.
node_modules/@types/node/https.d.ts(257,64): error TS1005: ',' expected.
node_modules/@types/node/https.d.ts(257,100): error TS1109: Expression expected.
node_modules/@types/node/https.d.ts(257,101): error TS1005: ';' expected.
node_modules/@types/node/https.d.ts(258,34): error TS1005: ',' expected.
node_modules/@types/node/https.d.ts(258,62): error TS1005: ',' expected.
node_modules/@types/node/https.d.ts(258,110): error TS1109: Expression expected.
node_modules/@types/node/https.d.ts(258,111): error TS1005: ';' expected.
node_modules/@types/node/https.d.ts(259,34): error TS1005: ',' expected.
node_modules/@types/node/https.d.ts(259,53): error TS1005: ',' expected.
node_modules/@types/node/https.d.ts(259,65): error TS1109: Expression expected.
node_modules/@types/node/https.d.ts(259,66): error TS1005: ';' expected.
node_modules/@types/node/https.d.ts(260,34): error TS1005: ',' expected.
node_modules/@types/node/https.d.ts(260,58): error TS1005: ',' expected.
node_modules/@types/node/https.d.ts(260,84): error TS1109: Expression expected.
node_modules/@types/node/https.d.ts(260,85): error TS1005: ';' expected.
node_modules/@types/node/https.d.ts(261,34): error TS1005: ',' expected.
node_modules/@types/node/https.d.ts(261,53): error TS1005: ',' expected.
node_modules/@types/node/https.d.ts(261,75): error TS1109: Expression expected.
node_modules/@types/node/https.d.ts(261,76): error TS1005: ';' expected.
node_modules/@types/node/https.d.ts(262,34): error TS1005: ',' expected.
node_modules/@types/node/https.d.ts(262,57): error TS1005: ',' expected.
node_modules/@types/node/https.d.ts(262,69): error TS1109: Expression expected.
node_modules/@types/node/https.d.ts(262,70): error TS1005: ';' expected.
node_modules/@types/node/https.d.ts(263,34): error TS1005: ',' expected.
node_modules/@types/node/https.d.ts(263,61): error TS1005: ',' expected.
node_modules/@types/node/https.d.ts(263,102): error TS1005: '(' expected.
node_modules/@types/node/https.d.ts(263,103): error TS1005: ',' expected.
node_modules/@types/node/https.d.ts(263,109): error TS1005: ')' expected.
node_modules/@types/node/https.d.ts(264,34): error TS1005: ',' expected.
node_modules/@types/node/https.d.ts(264,64): error TS1005: ',' expected.
node_modules/@types/node/https.d.ts(264,105): error TS1005: '(' expected.
node_modules/@types/node/https.d.ts(264,106): error TS1005: ',' expected.
node_modules/@types/node/https.d.ts(264,112): error TS1005: ')' expected.
node_modules/@types/node/https.d.ts(265,34): error TS1005: ',' expected.
node_modules/@types/node/https.d.ts(265,59): error TS1005: ',' expected.
node_modules/@types/node/https.d.ts(265,97): error TS1109: Expression expected.
node_modules/@types/node/https.d.ts(265,98): error TS1005: ';' expected.
node_modules/@types/node/https.d.ts(267,18): error TS1005: ',' expected.
node_modules/@types/node/https.d.ts(268,21): error TS1005: ',' expected.
node_modules/@types/node/https.d.ts(268,89): error TS1109: Expression expected.
node_modules/@types/node/https.d.ts(269,10): error TS1005: ';' expected.
node_modules/@types/node/https.d.ts(270,34): error TS1005: ',' expected.
node_modules/@types/node/https.d.ts(270,55): error TS1005: ',' expected.
node_modules/@types/node/https.d.ts(270,96): error TS1005: '(' expected.
node_modules/@types/node/https.d.ts(270,97): error TS1005: ',' expected.
node_modules/@types/node/https.d.ts(270,103): error TS1005: ')' expected.
node_modules/@types/node/https.d.ts(272,18): error TS1005: ',' expected.
node_modules/@types/node/https.d.ts(273,21): error TS1005: ',' expected.
node_modules/@types/node/https.d.ts(273,89): error TS1109: Expression expected.
node_modules/@types/node/https.d.ts(274,10): error TS1005: ';' expected.
node_modules/@types/node/https.d.ts(315,52): error TS1005: ',' expected.
node_modules/@types/node/https.d.ts(315,76): error TS1109: Expression expected.
node_modules/@types/node/https.d.ts(317,9): error TS1109: Expression expected.
node_modules/@types/node/https.d.ts(317,10): error TS1109: Expression expected.
node_modules/@types/node/https.d.ts(318,5): error TS1109: Expression expected.
node_modules/@types/node/https.d.ts(318,23): error TS1109: Expression expected.
node_modules/@types/node/https.d.ts(318,64): error TS1005: '(' expected.
node_modules/@types/node/https.d.ts(318,65): error TS1005: ')' expected.
node_modules/@types/node/https.d.ts(318,92): error TS1005: '(' expected.
node_modules/@types/node/https.d.ts(321,52): error TS1005: ',' expected.
node_modules/@types/node/https.d.ts(321,76): error TS1109: Expression expected.
node_modules/@types/node/https.d.ts(323,9): error TS1109: Expression expected.
node_modules/@types/node/https.d.ts(323,10): error TS1109: Expression expected.
node_modules/@types/node/https.d.ts(324,5): error TS1109: Expression expected.
node_modules/@types/node/https.d.ts(325,16): error TS1005: ')' expected.
node_modules/@types/node/https.d.ts(325,50): error TS1109: Expression expected.
node_modules/@types/node/https.d.ts(326,25): error TS1109: Expression expected.
node_modules/@types/node/https.d.ts(326,66): error TS1109: Expression expected.
node_modules/@types/node/https.d.ts(327,5): error TS1109: Expression expected.
node_modules/@types/node/https.d.ts(327,6): error TS1128: Declaration or statement expected.
node_modules/@types/node/https.d.ts(327,33): error TS1005: '(' expected.
node_modules/@types/node/stream/web.d.ts(469,56): error TS1005: '?' expected.
